Archive member included to satisfy reference by file (symbol)

d:/appdev/vsarm/armcc/bin/../lib/gcc/arm-none-eabi/12.2.1/thumb/v7-m/nofp\libc_nano.a(libc_a-exit.o)
                              d:/appdev/vsarm/armcc/bin/../lib/gcc/arm-none-eabi/12.2.1/thumb/v7-m/nofp/crt0.o (exit)
d:/appdev/vsarm/armcc/bin/../lib/gcc/arm-none-eabi/12.2.1/thumb/v7-m/nofp\libc_nano.a(libc_a-findfp.o)
                              d:/appdev/vsarm/armcc/bin/../lib/gcc/arm-none-eabi/12.2.1/thumb/v7-m/nofp\libc_nano.a(libc_a-exit.o) (__stdio_exit_handler)
d:/appdev/vsarm/armcc/bin/../lib/gcc/arm-none-eabi/12.2.1/thumb/v7-m/nofp\libc_nano.a(libc_a-fwalk.o)
                              d:/appdev/vsarm/armcc/bin/../lib/gcc/arm-none-eabi/12.2.1/thumb/v7-m/nofp\libc_nano.a(libc_a-findfp.o) (_fwalk_sglue)
d:/appdev/vsarm/armcc/bin/../lib/gcc/arm-none-eabi/12.2.1/thumb/v7-m/nofp\libc_nano.a(libc_a-puts.o)
                              build/ex8.o (puts)
d:/appdev/vsarm/armcc/bin/../lib/gcc/arm-none-eabi/12.2.1/thumb/v7-m/nofp\libc_nano.a(libc_a-stdio.o)
                              d:/appdev/vsarm/armcc/bin/../lib/gcc/arm-none-eabi/12.2.1/thumb/v7-m/nofp\libc_nano.a(libc_a-findfp.o) (__sread)
d:/appdev/vsarm/armcc/bin/../lib/gcc/arm-none-eabi/12.2.1/thumb/v7-m/nofp\libc_nano.a(libc_a-wbuf.o)
                              d:/appdev/vsarm/armcc/bin/../lib/gcc/arm-none-eabi/12.2.1/thumb/v7-m/nofp\libc_nano.a(libc_a-puts.o) (__swbuf_r)
d:/appdev/vsarm/armcc/bin/../lib/gcc/arm-none-eabi/12.2.1/thumb/v7-m/nofp\libc_nano.a(libc_a-wsetup.o)
                              d:/appdev/vsarm/armcc/bin/../lib/gcc/arm-none-eabi/12.2.1/thumb/v7-m/nofp\libc_nano.a(libc_a-puts.o) (__swsetup_r)
d:/appdev/vsarm/armcc/bin/../lib/gcc/arm-none-eabi/12.2.1/thumb/v7-m/nofp\libc_nano.a(libc_a-memset.o)
                              d:/appdev/vsarm/armcc/bin/../lib/gcc/arm-none-eabi/12.2.1/thumb/v7-m/nofp/crt0.o (memset)
d:/appdev/vsarm/armcc/bin/../lib/gcc/arm-none-eabi/12.2.1/thumb/v7-m/nofp\libc_nano.a(libc_a-closer.o)
                              d:/appdev/vsarm/armcc/bin/../lib/gcc/arm-none-eabi/12.2.1/thumb/v7-m/nofp\libc_nano.a(libc_a-stdio.o) (_close_r)
d:/appdev/vsarm/armcc/bin/../lib/gcc/arm-none-eabi/12.2.1/thumb/v7-m/nofp\libc_nano.a(libc_a-reent.o)
                              d:/appdev/vsarm/armcc/bin/../lib/gcc/arm-none-eabi/12.2.1/thumb/v7-m/nofp\libc_nano.a(libc_a-closer.o) (errno)
d:/appdev/vsarm/armcc/bin/../lib/gcc/arm-none-eabi/12.2.1/thumb/v7-m/nofp\libc_nano.a(libc_a-impure.o)
                              d:/appdev/vsarm/armcc/bin/../lib/gcc/arm-none-eabi/12.2.1/thumb/v7-m/nofp\libc_nano.a(libc_a-puts.o) (_impure_ptr)
d:/appdev/vsarm/armcc/bin/../lib/gcc/arm-none-eabi/12.2.1/thumb/v7-m/nofp\libc_nano.a(libc_a-lseekr.o)
                              d:/appdev/vsarm/armcc/bin/../lib/gcc/arm-none-eabi/12.2.1/thumb/v7-m/nofp\libc_nano.a(libc_a-stdio.o) (_lseek_r)
d:/appdev/vsarm/armcc/bin/../lib/gcc/arm-none-eabi/12.2.1/thumb/v7-m/nofp\libc_nano.a(libc_a-readr.o)
                              d:/appdev/vsarm/armcc/bin/../lib/gcc/arm-none-eabi/12.2.1/thumb/v7-m/nofp\libc_nano.a(libc_a-stdio.o) (_read_r)
d:/appdev/vsarm/armcc/bin/../lib/gcc/arm-none-eabi/12.2.1/thumb/v7-m/nofp\libc_nano.a(libc_a-writer.o)
                              d:/appdev/vsarm/armcc/bin/../lib/gcc/arm-none-eabi/12.2.1/thumb/v7-m/nofp\libc_nano.a(libc_a-stdio.o) (_write_r)
d:/appdev/vsarm/armcc/bin/../lib/gcc/arm-none-eabi/12.2.1/thumb/v7-m/nofp\libc_nano.a(libc_a-init.o)
                              d:/appdev/vsarm/armcc/bin/../lib/gcc/arm-none-eabi/12.2.1/thumb/v7-m/nofp/crt0.o (__libc_init_array)
d:/appdev/vsarm/armcc/bin/../lib/gcc/arm-none-eabi/12.2.1/thumb/v7-m/nofp\libc_nano.a(libc_a-lock.o)
                              d:/appdev/vsarm/armcc/bin/../lib/gcc/arm-none-eabi/12.2.1/thumb/v7-m/nofp\libc_nano.a(libc_a-findfp.o) (__retarget_lock_init_recursive)
d:/appdev/vsarm/armcc/bin/../lib/gcc/arm-none-eabi/12.2.1/thumb/v7-m/nofp\libc_nano.a(libc_a-freer.o)
                              d:/appdev/vsarm/armcc/bin/../lib/gcc/arm-none-eabi/12.2.1/thumb/v7-m/nofp\libc_nano.a(libc_a-wsetup.o) (_free_r)
d:/appdev/vsarm/armcc/bin/../lib/gcc/arm-none-eabi/12.2.1/thumb/v7-m/nofp\libc_nano.a(libc_a-mallocr.o)
                              d:/appdev/vsarm/armcc/bin/../lib/gcc/arm-none-eabi/12.2.1/thumb/v7-m/nofp\libc_nano.a(libc_a-findfp.o) (_malloc_r)
d:/appdev/vsarm/armcc/bin/../lib/gcc/arm-none-eabi/12.2.1/thumb/v7-m/nofp\libc_nano.a(libc_a-mlock.o)
                              d:/appdev/vsarm/armcc/bin/../lib/gcc/arm-none-eabi/12.2.1/thumb/v7-m/nofp\libc_nano.a(libc_a-freer.o) (__malloc_lock)
d:/appdev/vsarm/armcc/bin/../lib/gcc/arm-none-eabi/12.2.1/thumb/v7-m/nofp\libc_nano.a(libc_a-fflush.o)
                              d:/appdev/vsarm/armcc/bin/../lib/gcc/arm-none-eabi/12.2.1/thumb/v7-m/nofp\libc_nano.a(libc_a-findfp.o) (_fflush_r)
d:/appdev/vsarm/armcc/bin/../lib/gcc/arm-none-eabi/12.2.1/thumb/v7-m/nofp\libc_nano.a(libc_a-makebuf.o)
[...]
Memory Configuration

Name             Origin             Length             Attributes
RAM              0x20000000         0x00010000         xrw
FLASH            0x08000000         0x00080000         xr
*default*        0x00000000         0xffffffff

Linker script and memory map

LOAD d:/appdev/vsarm/armcc/bin/../lib/gcc/arm-none-eabi/12.2.1/thumb/v7-m/nofp/crti.o
LOAD d:/appdev/vsarm/armcc/bin/../lib/gcc/arm-none-eabi/12.2.1/thumb/v7-m/nofp/crtbegin.o
LOAD d:/appdev/vsarm/armcc/bin/../lib/gcc/arm-none-eabi/12.2.1/thumb/v7-m/nofp/crt0.o
LOAD build/main.o
LOAD build/stm32f1xx_it.o
LOAD build/stm32f1xx_hal_msp.o
LOAD build/stm32f1xx_hal_gpio.o
LOAD build/stm32f1xx_hal_gpio_ex.o
LOAD build/stm32f1xx_hal_tim.o
LOAD build/stm32f1xx_hal_tim_ex.o
LOAD build/stm32f1xx_hal.o
LOAD build/stm32f1xx_hal_rcc.o
LOAD build/stm32f1xx_hal_rcc_ex.o
LOAD build/stm32f1xx_hal_dma.o
LOAD build/stm32f1xx_hal_cortex.o
LOAD build/stm32f1xx_hal_pwr.o
LOAD build/stm32f1xx_hal_flash.o
LOAD build/stm32f1xx_hal_flash_ex.o
LOAD build/stm32f1xx_hal_exti.o
LOAD build/stm32f1xx_hal_uart.o
LOAD build/stm32f1xx_hal_usart.o
LOAD build/stm32f1xx_hal_iwdg.o
LOAD build/stm32f1xx_hal_wwdg.o
LOAD build/system_stm32f1xx.o
LOAD build/sys.o
LOAD build/delay.o
LOAD build/usart.o
LOAD build/ex8.o
LOAD build/btim.o
LOAD build/led.o
LOAD build/startup_stm32f103xe.o
LOAD d:/appdev/vsarm/armcc/bin/../lib/gcc/arm-none-eabi/12.2.1/thumb/v7-m/nofp\libc_nano.a
LOAD d:/appdev/vsarm/armcc/bin/../lib/gcc/arm-none-eabi/12.2.1/thumb/v7-m/nofp\libm.a
LOAD d:/appdev/vsarm/armcc/bin/../lib/gcc/arm-none-eabi/12.2.1/thumb/v7-m/nofp\libnosys.a
START GROUP
LOAD d:/appdev/vsarm/armcc/bin/../lib/gcc/arm-none-eabi/12.2.1/thumb/v7-m/nofp\libgcc.a
LOAD d:/appdev/vsarm/armcc/bin/../lib/gcc/arm-none-eabi/12.2.1/thumb/v7-m/nofp\libc_nano.a
END GROUP
START GROUP
LOAD d:/appdev/vsarm/armcc/bin/../lib/gcc/arm-none-eabi/12.2.1/thumb/v7-m/nofp\libgcc.a
LOAD d:/appdev/vsarm/armcc/bin/../lib/gcc/arm-none-eabi/12.2.1/thumb/v7-m/nofp\libc_nano.a
END GROUP
LOAD d:/appdev/vsarm/armcc/bin/../lib/gcc/arm-none-eabi/12.2.1/thumb/v7-m/nofp/crtend.o
LOAD d:/appdev/vsarm/armcc/bin/../lib/gcc/arm-none-eabi/12.2.1/thumb/v7-m/nofp/crtn.o
                0x20010000                _estack = (ORIGIN (RAM) + LENGTH (RAM))
                0x00000200                _Min_Heap_Size = 0x200
                0x00000400                _Min_Stack_Size = 0x400

.isr_vector     0x08000000      0x1e4
                0x08000000                . = ALIGN (0x4)
 *(.isr_vector)
 .isr_vector    0x08000000      0x1e4 build/startup_stm32f103xe.o
                0x08000000                g_pfnVectors
                0x080001e4                . = ALIGN (0x4)

.text           0x080001e4     0x206c
                0x080001e4                . = ALIGN (0x4)
 *(.text)
 *(.text*)
 .text.deregister_tm_clones
                0x080001e4       0x1c d:/appdev/vsarm/armcc/bin/../lib/gcc/arm-none-eabi/12.2.1/thumb/v7-m/nofp/crtbegin.o
 .text.register_tm_clones
                0x08000200       0x24 d:/appdev/vsarm/armcc/bin/../lib/gcc/arm-none-eabi/12.2.1/thumb/v7-m/nofp/crtbegin.o
 .text.__do_global_dtors_aux
                0x08000224       0x28 d:/appdev/vsarm/armcc/bin/../lib/gcc/arm-none-eabi/12.2.1/thumb/v7-m/nofp/crtbegin.o
 .text.frame_dummy
                0x0800024c       0x24 d:/appdev/vsarm/armcc/bin/../lib/gcc/arm-none-eabi/12.2.1/thumb/v7-m/nofp/crtbegin.o
 .text.startup.main
                0x08000270       0x1c build/main.o
                0x08000270                main
 .text.NMI_Handler
                0x0800028c        0x4 build/stm32f1xx_it.o
                0x0800028c                NMI_Handler
 .text.HardFault_Handler
                0x08000290        0x4 build/stm32f1xx_it.o
                0x08000290                HardFault_Handler
 .text.MemManage_Handler
                0x08000294        0x4 build/stm32f1xx_it.o
                0x08000294                MemManage_Handler
 .text.BusFault_Handler
                0x08000298        0x4 build/stm32f1xx_it.o
                0x08000298                BusFault_Handler
 .text.UsageFault_Handler
                0x0800029c        0x4 build/stm32f1xx_it.o
                0x0800029c                UsageFault_Handler
 .text.SVC_Handler
                0x080002a0        0x4 build/stm32f1xx_it.o
                0x080002a0                SVC_Handler
 .text.DebugMon_Handler
                0x080002a4        0x4 build/stm32f1xx_it.o
                0x080002a4                DebugMon_Handler
 .text.PendSV_Handler
                0x080002a8        0x4 build/stm32f1xx_it.o
                0x080002a8                PendSV_Handler
 .text.SysTick_Handler
                0x080002ac        0x4 build/stm32f1xx_it.o
                0x080002ac                SysTick_Handler
 .text.HAL_MspInit
                0x080002b0       0x44 build/stm32f1xx_hal_msp.o
                0x080002b0                HAL_MspInit
 .text.HAL_GPIO_Init
                0x080002f4      0x270 build/stm32f1xx_hal_gpio.o
                0x080002f4                HAL_GPIO_Init
 .text.HAL_GPIO_WritePin
                0x08000564        0x8 build/stm32f1xx_hal_gpio.o
                0x08000564                HAL_GPIO_WritePin
 .text.HAL_GPIO_TogglePin
                0x0800056c       0x14 build/stm32f1xx_hal_gpio.o
                0x0800056c                HAL_GPIO_TogglePin
 .text.HAL_TIM_Base_Start_IT
                0x08000580       0x64 build/stm32f1xx_hal_tim.o
                0x08000580                HAL_TIM_Base_Start_IT
 .text.HAL_TIM_OC_DelayElapsedCallback
                0x080005e4        0x4 build/stm32f1xx_hal_tim.o
                0x080005e4                HAL_TIM_OC_DelayElapsedCallback
 .text.HAL_TIM_IC_CaptureCallback
                0x080005e8        0x4 build/stm32f1xx_hal_tim.o
                0x080005e8                HAL_TIM_IC_CaptureCallback
 .text.HAL_TIM_PWM_PulseFinishedCallback
                0x080005ec        0x4 build/stm32f1xx_hal_tim.o
                0x080005ec                HAL_TIM_PWM_PulseFinishedCallback
 .text.HAL_TIM_TriggerCallback
                0x080005f0        0x4 build/stm32f1xx_hal_tim.o
                0x080005f0                HAL_TIM_TriggerCallback
 .text.HAL_TIM_IRQHandler
                0x080005f4      0x154 build/stm32f1xx_hal_tim.o
                0x080005f4                HAL_TIM_IRQHandler
 .text.TIM_Base_SetConfig
                0x08000748       0xa8 build/stm32f1xx_hal_tim.o
                0x08000748                TIM_Base_SetConfig
 .text.HAL_TIM_Base_Init
                0x080007f0       0x5c build/stm32f1xx_hal_tim.o
                0x080007f0                HAL_TIM_Base_Init
 .text.HAL_TIMEx_CommutCallback
                0x0800084c        0x4 build/stm32f1xx_hal_tim_ex.o
                0x0800084c                HAL_TIMEx_CommutCallback
 .text.HAL_TIMEx_BreakCallback
                0x08000850        0x4 build/stm32f1xx_hal_tim_ex.o
                0x08000850                HAL_TIMEx_BreakCallback
 .text.HAL_InitTick
                0x08000854       0x48 build/stm32f1xx_hal.o
                0x08000854                HAL_InitTick
 .text.HAL_Init
                0x0800089c       0x24 build/stm32f1xx_hal.o
                0x0800089c                HAL_Init
 .text.HAL_IncTick
                0x080008c0       0x18 build/stm32f1xx_hal.o
                0x080008c0                HAL_IncTick
 .text.HAL_GetTick
                0x080008d8        0xc build/stm32f1xx_hal.o
                0x080008d8                HAL_GetTick
 .text.HAL_RCC_OscConfig
                0x080008e4      0x3dc build/stm32f1xx_hal_rcc.o
                0x080008e4                HAL_RCC_OscConfig
 .text.HAL_RCC_GetSysClockFreq
                0x08000cc0       0x78 build/stm32f1xx_hal_rcc.o
                0x08000cc0                HAL_RCC_GetSysClockFreq
 .text.HAL_RCC_ClockConfig
                0x08000d38      0x140 build/stm32f1xx_hal_rcc.o
                0x08000d38                HAL_RCC_ClockConfig
 .text.HAL_RCC_GetPCLK1Freq
                0x08000e78       0x20 build/stm32f1xx_hal_rcc.o
                0x08000e78                HAL_RCC_GetPCLK1Freq
 .text.HAL_RCC_GetPCLK2Freq
                0x08000e98       0x20 build/stm32f1xx_hal_rcc.o
                0x08000e98                HAL_RCC_GetPCLK2Freq
 .text.HAL_DMA_Abort_IT
                0x08000eb8      0x138 build/stm32f1xx_hal_dma.o
                0x08000eb8                HAL_DMA_Abort_IT
 .text.HAL_NVIC_SetPriorityGrouping
                0x08000ff0       0x24 build/stm32f1xx_hal_cortex.o
                0x08000ff0                HAL_NVIC_SetPriorityGrouping
 .text.HAL_NVIC_SetPriority
                0x08001014       0x7c build/stm32f1xx_hal_cortex.o
                0x08001014                HAL_NVIC_SetPriority
 .text.HAL_NVIC_EnableIRQ
                0x08001090       0x1c build/stm32f1xx_hal_cortex.o
                0x08001090                HAL_NVIC_EnableIRQ
 .text.HAL_SYSTICK_Config
                0x080010ac       0x30 build/stm32f1xx_hal_cortex.o
                0x080010ac                HAL_SYSTICK_Config
 .text.HAL_SYSTICK_CLKSourceConfig
                0x080010dc       0x18 build/stm32f1xx_hal_cortex.o
                0x080010dc                HAL_SYSTICK_CLKSourceConfig
 .text.UART_SetConfig
                0x080010f4       0x84 build/stm32f1xx_hal_uart.o
 .text.HAL_UART_Init
                0x08001178       0x60 build/stm32f1xx_hal_uart.o
                0x08001178                HAL_UART_Init
 .text.HAL_UART_Receive_IT
                0x080011d8       0x50 build/stm32f1xx_hal_uart.o
                0x080011d8                HAL_UART_Receive_IT
 .text.HAL_UART_TxCpltCallback
                0x08001228        0x4 build/stm32f1xx_hal_uart.o
                0x08001228                HAL_UART_TxCpltCallback
 .text.UART_Receive_IT.isra.0
                0x0800122c       0x7c build/stm32f1xx_hal_uart.o
 .text.HAL_UART_ErrorCallback
                0x080012a8        0x4 build/stm32f1xx_hal_uart.o
                0x080012a8                HAL_UART_ErrorCallback
 .text.HAL_UART_IRQHandler
                0x080012ac      0x1a8 build/stm32f1xx_hal_uart.o
                0x080012ac                HAL_UART_IRQHandler
 .text.UART_DMAAbortOnError
                0x08001454       0x10 build/stm32f1xx_hal_uart.o
 .text.SystemInit
                0x08001464        0x4 build/system_stm32f1xx.o
                0x08001464                SystemInit
 .text.sys_stm32_clock_init
                0x08001468       0x5c build/sys.o
                0x08001468                sys_stm32_clock_init
 .text.delay_init
                0x080014c4       0x20 build/delay.o
                0x080014c4                delay_init
 .text.delay_ms
                0x080014e4       0x9c build/delay.o
                0x080014e4                delay_ms
 .text._write   0x08001580       0x20 build/usart.o
                0x08001580                _write
 .text.usart_init
                0x080015a0       0x3c build/usart.o
                0x080015a0                usart_init
 .text.HAL_UART_MspInit
                0x080015dc       0x90 build/usart.o
                0x080015dc                HAL_UART_MspInit
 .text.HAL_UART_RxCpltCallback
                0x0800166c       0x6c build/usart.o
                0x0800166c                HAL_UART_RxCpltCallback
 .text.USART1_IRQHandler
                0x080016d8       0x24 build/usart.o
                0x080016d8                USART1_IRQHandler
 .text.run      0x080016fc       0x3c build/ex8.o
                0x080016fc                run
 .text.btim_timx_int_init
                0x08001738       0x2c build/btim.o
                0x08001738                btim_timx_int_init
 .text.HAL_TIM_Base_MspInit
                0x08001764       0x40 build/btim.o
                0x08001764                HAL_TIM_Base_MspInit
 .text.TIM6_IRQHandler
                0x080017a4       0x18 build/btim.o
                0x080017a4                TIM6_IRQHandler
 .text.HAL_TIM_PeriodElapsedCallback
                0x080017bc       0x1c build/btim.o
                0x080017bc                HAL_TIM_PeriodElapsedCallback
 .text.led_init
                0x080017d8       0x78 build/led.o
                0x080017d8                led_init
 .text.Reset_Handler
                0x08001850       0x48 build/startup_stm32f103xe.o
                0x08001850                Reset_Handler
 .text.Default_Handler
                0x08001898        0x2 build/startup_stm32f103xe.o
                0x08001898                RTC_Alarm_IRQHandler
                0x08001898                EXTI2_IRQHandler
                0x08001898                TIM8_TRG_COM_IRQHandler
                0x08001898                TIM8_CC_IRQHandler
                0x08001898                TIM1_CC_IRQHandler
                0x08001898                PVD_IRQHandler
                0x08001898                SDIO_IRQHandler
                0x08001898                EXTI3_IRQHandler
                0x08001898                EXTI0_IRQHandler
                0x08001898                I2C2_EV_IRQHandler
                0x08001898                ADC1_2_IRQHandler
                0x08001898                SPI1_IRQHandler
                0x08001898                TAMPER_IRQHandler
                0x08001898                TIM8_UP_IRQHandler
                0x08001898                DMA2_Channel2_IRQHandler
                0x08001898                DMA1_Channel4_IRQHandler
                0x08001898                USART3_IRQHandler
                0x08001898                RTC_IRQHandler
                0x08001898                DMA1_Channel7_IRQHandler
                0x08001898                CAN1_RX1_IRQHandler
                0x08001898                UART5_IRQHandler
                0x08001898                ADC3_IRQHandler
                0x08001898                TIM4_IRQHandler
                0x08001898                DMA2_Channel1_IRQHandler
                0x08001898                I2C1_EV_IRQHandler
                0x08001898                DMA1_Channel6_IRQHandler
                0x08001898                UART4_IRQHandler
                0x08001898                TIM3_IRQHandler
                0x08001898                RCC_IRQHandler
                0x08001898                TIM1_TRG_COM_IRQHandler
                0x08001898                DMA1_Channel1_IRQHandler
                0x08001898                Default_Handler
                0x08001898                EXTI15_10_IRQHandler
                0x08001898                TIM7_IRQHandler
                0x08001898                TIM5_IRQHandler
                0x08001898                EXTI9_5_IRQHandler
                0x08001898                SPI2_IRQHandler
                0x08001898                DMA1_Channel5_IRQHandler
                0x08001898                EXTI4_IRQHandler
                0x08001898                USB_LP_CAN1_RX0_IRQHandler
                0x08001898                USB_HP_CAN1_TX_IRQHandler
                0x08001898                DMA1_Channel3_IRQHandler
                0x08001898                FSMC_IRQHandler
                0x08001898                TIM1_UP_IRQHandler
                0x08001898                WWDG_IRQHandler
                0x08001898                TIM2_IRQHandler
                0x08001898                TIM1_BRK_IRQHandler
                0x08001898                EXTI1_IRQHandler
                0x08001898                DMA2_Channel4_5_IRQHandler
                0x08001898                USART2_IRQHandler
                0x08001898                I2C2_ER_IRQHandler
                0x08001898                DMA1_Channel2_IRQHandler
                0x08001898                TIM8_BRK_IRQHandler
                0x08001898                CAN1_SCE_IRQHandler
                0x08001898                FLASH_IRQHandler
                0x08001898                SPI3_IRQHandler
                0x08001898                I2C1_ER_IRQHandler
                0x08001898                USBWakeUp_IRQHandler
                0x08001898                DMA2_Channel3_IRQHandler
 *fill*         0x0800189a        0x2 
 .text.std      0x0800189c       0x6c d:/appdev/vsarm/armcc/bin/../lib/gcc/arm-none-eabi/12.2.1/thumb/v7-m/nofp\libc_nano.a(libc_a-findfp.o)
 .text.stdio_exit_handler
                0x08001908       0x18 d:/appdev/vsarm/armcc/bin/../lib/gcc/arm-none-eabi/12.2.1/thumb/v7-m/nofp\libc_nano.a(libc_a-findfp.o)
 .text.cleanup_stdio
                0x08001920       0x40 d:/appdev/vsarm/armcc/bin/../lib/gcc/arm-none-eabi/12.2.1/thumb/v7-m/nofp\libc_nano.a(libc_a-findfp.o)
 .text.global_stdio_init.part.0
                0x08001960       0x3c d:/appdev/vsarm/armcc/bin/../lib/gcc/arm-none-eabi/12.2.1/thumb/v7-m/nofp\libc_nano.a(libc_a-findfp.o)
 .text.__sfp_lock_acquire
                0x0800199c        0xc d:/appdev/vsarm/armcc/bin/../lib/gcc/arm-none-eabi/12.2.1/thumb/v7-m/nofp\libc_nano.a(libc_a-findfp.o)
                0x0800199c                __sfp_lock_acquire
 .text.__sfp_lock_release
                0x080019a8        0xc d:/appdev/vsarm/armcc/bin/../lib/gcc/arm-none-eabi/12.2.1/thumb/v7-m/nofp\libc_nano.a(libc_a-findfp.o)
                0x080019a8                __sfp_lock_release
 .text.__sinit  0x080019b4       0x30 d:/appdev/vsarm/armcc/bin/../lib/gcc/arm-none-eabi/12.2.1/thumb/v7-m/nofp\libc_nano.a(libc_a-findfp.o)
                0x080019b4                __sinit
 .text._fwalk_sglue
                0x080019e4       0x3c d:/appdev/vsarm/armcc/bin/../lib/gcc/arm-none-eabi/12.2.1/thumb/v7-m/nofp\libc_nano.a(libc_a-fwalk.o)
                0x080019e4                _fwalk_sglue
 .text._puts_r  0x08001a20       0xaa d:/appdev/vsarm/armcc/bin/../lib/gcc/arm-none-eabi/12.2.1/thumb/v7-m/nofp\libc_nano.a(libc_a-puts.o)
                0x08001a20                _puts_r
 *fill*         0x08001aca        0x2 
 .text.puts     0x08001acc       0x10 d:/appdev/vsarm/armcc/bin/../lib/gcc/arm-none-eabi/12.2.1/thumb/v7-m/nofp\libc_nano.a(libc_a-puts.o)
                0x08001acc                puts
 .text.__sread  0x08001adc       0x22 d:/appdev/vsarm/armcc/bin/../lib/gcc/arm-none-eabi/12.2.1/thumb/v7-m/nofp\libc_nano.a(libc_a-stdio.o)
                0x08001adc                __sread
 .text.__swrite
                0x08001afe       0x38 d:/appdev/vsarm/armcc/bin/../lib/gcc/arm-none-eabi/12.2.1/thumb/v7-m/nofp\libc_nano.a(libc_a-stdio.o)
                0x08001afe                __swrite
 .text.__sseek  0x08001b36       0x24 d:/appdev/vsarm/armcc/bin/../lib/gcc/arm-none-eabi/12.2.1/thumb/v7-m/nofp\libc_nano.a(libc_a-stdio.o)
                0x08001b36                __sseek
 .text.__sclose
                0x08001b5a        0x8 d:/appdev/vsarm/armcc/bin/../lib/gcc/arm-none-eabi/12.2.1/thumb/v7-m/nofp\libc_nano.a(libc_a-stdio.o)
                0x08001b5a                __sclose
 .text.__swbuf_r
                0x08001b62       0x7c d:/appdev/vsarm/armcc/bin/../lib/gcc/arm-none-eabi/12.2.1/thumb/v7-m/nofp\libc_nano.a(libc_a-wbuf.o)
                0x08001b62                __swbuf_r
 *fill*         0x08001bde        0x2 
 .text.__swsetup_r
                0x08001be0       0xac d:/appdev/vsarm/armcc/bin/../lib/gcc/arm-none-eabi/12.2.1/thumb/v7-m/nofp\libc_nano.a(libc_a-wsetup.o)
                0x08001be0                __swsetup_r
 .text.memset   0x08001c8c       0x10 d:/appdev/vsarm/armcc/bin/../lib/gcc/arm-none-eabi/12.2.1/thumb/v7-m/nofp\libc_nano.a(libc_a-memset.o)
                0x08001c8c                memset
 .text._close_r
                0x08001c9c       0x20 d:/appdev/vsarm/armcc/bin/../lib/gcc/arm-none-eabi/12.2.1/thumb/v7-m/nofp\libc_nano.a(libc_a-closer.o)
                0x08001c9c                _close_r
 .text._lseek_r
                0x08001cbc       0x24 d:/appdev/vsarm/armcc/bin/../lib/gcc/arm-none-eabi/12.2.1/thumb/v7-m/nofp\libc_nano.a(libc_a-lseekr.o)
                0x08001cbc                _lseek_r
 .text._read_r  0x08001ce0       0x24 d:/appdev/vsarm/armcc/bin/../lib/gcc/arm-none-eabi/12.2.1/thumb/v7-m/nofp\libc_nano.a(libc_a-readr.o)
                0x08001ce0                _read_r
 .text._write_r
                0x08001d04       0x24 d:/appdev/vsarm/armcc/bin/../lib/gcc/arm-none-eabi/12.2.1/thumb/v7-m/nofp\libc_nano.a(libc_a-writer.o)
                0x08001d04                _write_r
 .text.__libc_init_array
                0x08001d28       0x48 d:/appdev/vsarm/armcc/bin/../lib/gcc/arm-none-eabi/12.2.1/thumb/v7-m/nofp\libc_nano.a(libc_a-init.o)
                0x08001d28                __libc_init_array
 .text.__retarget_lock_init_recursive
                0x08001d70        0x2 d:/appdev/vsarm/armcc/bin/../lib/gcc/arm-none-eabi/12.2.1/thumb/v7-m/nofp\libc_nano.a(libc_a-lock.o)
                0x08001d70                __retarget_lock_init_recursive
 .text.__retarget_lock_acquire_recursive
                0x08001d72        0x2 d:/appdev/vsarm/armcc/bin/../lib/gcc/arm-none-eabi/12.2.1/thumb/v7-m/nofp\libc_nano.a(libc_a-lock.o)
                0x08001d72                __retarget_lock_acquire_recursive
 .text.__retarget_lock_release_recursive
                0x08001d74        0x2 d:/appdev/vsarm/armcc/bin/../lib/gcc/arm-none-eabi/12.2.1/thumb/v7-m/nofp\libc_nano.a(libc_a-lock.o)
                0x08001d74                __retarget_lock_release_recursive
 *fill*         0x08001d76        0x2 
 .text._free_r  0x08001d78       0x90 d:/appdev/vsarm/armcc/bin/../lib/gcc/arm-none-eabi/12.2.1/thumb/v7-m/nofp\libc_nano.a(libc_a-freer.o)
                0x08001d78                _free_r
 .text.sbrk_aligned
                0x08001e08       0x44 d:/appdev/vsarm/armcc/bin/../lib/gcc/arm-none-eabi/12.2.1/thumb/v7-m/nofp\libc_nano.a(libc_a-mallocr.o)
 .text._malloc_r
                0x08001e4c       0xf0 d:/appdev/vsarm/armcc/bin/../lib/gcc/arm-none-eabi/12.2.1/thumb/v7-m/nofp\libc_nano.a(libc_a-mallocr.o)
                0x08001e4c                _malloc_r
 .text.__malloc_lock
                0x08001f3c        0xc d:/appdev/vsarm/armcc/bin/../lib/gcc/arm-none-eabi/12.2.1/thumb/v7-m/nofp\libc_nano.a(libc_a-mlock.o)
                0x08001f3c                __malloc_lock
 .text.__malloc_unlock
                0x08001f48        0xc d:/appdev/vsarm/armcc/bin/../lib/gcc/arm-none-eabi/12.2.1/thumb/v7-m/nofp\libc_nano.a(libc_a-mlock.o)
                0x08001f48                __malloc_unlock
 .text.__sflush_r
                0x08001f54      0x100 d:/appdev/vsarm/armcc/bin/../lib/gcc/arm-none-eabi/12.2.1/thumb/v7-m/nofp\libc_nano.a(libc_a-fflush.o)
                0x08001f54                __sflush_r
 .text._fflush_r
                0x08002054       0x50 d:/appdev/vsarm/armcc/bin/../lib/gcc/arm-none-eabi/12.2.1/thumb/v7-m/nofp\libc_nano.a(libc_a-fflush.o)
                0x08002054                _fflush_r
 .text.__swhatbuf_r
                0x080020a4       0x4a d:/appdev/vsarm/armcc/bin/../lib/gcc/arm-none-eabi/12.2.1/thumb/v7-m/nofp\libc_nano.a(libc_a-makebuf.o)
                0x080020a4                __swhatbuf_r
 .text.__smakebuf_r
                0x080020ee       0x78 d:/appdev/vsarm/armcc/bin/../lib/gcc/arm-none-eabi/12.2.1/thumb/v7-m/nofp\libc_nano.a(libc_a-makebuf.o)
                0x080020ee                __smakebuf_r
 *fill*         0x08002166        0x2 
 .text._fstat_r
                0x08002168       0x24 d:/appdev/vsarm/armcc/bin/../lib/gcc/arm-none-eabi/12.2.1/thumb/v7-m/nofp\libc_nano.a(libc_a-fstatr.o)
                0x08002168                _fstat_r
 .text._isatty_r
                0x0800218c       0x20 d:/appdev/vsarm/armcc/bin/../lib/gcc/arm-none-eabi/12.2.1/thumb/v7-m/nofp\libc_nano.a(libc_a-isattyr.o)
                0x0800218c                _isatty_r
 .text._sbrk_r  0x080021ac       0x20 d:/appdev/vsarm/armcc/bin/../lib/gcc/arm-none-eabi/12.2.1/thumb/v7-m/nofp\libc_nano.a(libc_a-sbrkr.o)
                0x080021ac                _sbrk_r
 .text._close   0x080021cc       0x10 d:/appdev/vsarm/armcc/bin/../lib/gcc/arm-none-eabi/12.2.1/thumb/v7-m/nofp\libnosys.a(close.o)
                0x080021cc                _close
 .text._fstat   0x080021dc       0x10 d:/appdev/vsarm/armcc/bin/../lib/gcc/arm-none-eabi/12.2.1/thumb/v7-m/nofp\libnosys.a(fstat.o)
                0x080021dc                _fstat
 .text._isatty  0x080021ec       0x10 d:/appdev/vsarm/armcc/bin/../lib/gcc/arm-none-eabi/12.2.1/thumb/v7-m/nofp\libnosys.a(isatty.o)
                0x080021ec                _isatty
 .text._lseek   0x080021fc       0x10 d:/appdev/vsarm/armcc/bin/../lib/gcc/arm-none-eabi/12.2.1/thumb/v7-m/nofp\libnosys.a(lseek.o)
                0x080021fc                _lseek
 .text._read    0x0800220c       0x10 d:/appdev/vsarm/armcc/bin/../lib/gcc/arm-none-eabi/12.2.1/thumb/v7-m/nofp\libnosys.a(read.o)
                0x0800220c                _read
 .text._sbrk    0x0800221c       0x1c d:/appdev/vsarm/armcc/bin/../lib/gcc/arm-none-eabi/12.2.1/thumb/v7-m/nofp\libnosys.a(sbrk.o)
                0x0800221c                _sbrk
 *(.glue_7)
 .glue_7        0x08002238        0x0 linker stubs
 *(.glue_7t)
 .glue_7t       0x08002238        0x0 linker stubs
 *(.eh_frame)
 .eh_frame      0x08002238        0x0 d:/appdev/vsarm/armcc/bin/../lib/gcc/arm-none-eabi/12.2.1/thumb/v7-m/nofp/crtbegin.o
 *(.init)
 .init          0x08002238        0x4 d:/appdev/vsarm/armcc/bin/../lib/gcc/arm-none-eabi/12.2.1/thumb/v7-m/nofp/crti.o
                0x08002238                _init
 .init          0x0800223c        0x8 d:/appdev/vsarm/armcc/bin/../lib/gcc/arm-none-eabi/12.2.1/thumb/v7-m/nofp/crtn.o
 *(.fini)
 .fini          0x08002244        0x4 d:/appdev/vsarm/armcc/bin/../lib/gcc/arm-none-eabi/12.2.1/thumb/v7-m/nofp/crti.o
                0x08002244                _fini
 .fini          0x08002248        0x8 d:/appdev/vsarm/armcc/bin/../lib/gcc/arm-none-eabi/12.2.1/thumb/v7-m/nofp/crtn.o
                0x08002250                . = ALIGN (0x4)
                0x08002250                _etext = .

.vfp11_veneer   0x08002250        0x0
 .vfp11_veneer  0x08002250        0x0 linker stubs

.v4_bx          0x08002250        0x0
 .v4_bx         0x08002250        0x0 linker stubs

.iplt           0x08002250        0x0
 .iplt          0x08002250        0x0 d:/appdev/vsarm/armcc/bin/../lib/gcc/arm-none-eabi/12.2.1/thumb/v7-m/nofp/crtbegin.o

.rodata         0x08002250       0x34
                0x08002250                . = ALIGN (0x4)
 *(.rodata)
 *(.rodata*)
 .rodata.HAL_RCC_GetSysClockFreq.str1.4
                0x08002250       0x11 build/stm32f1xx_hal_rcc.o
 *fill*         0x08002261        0x3 
 .rodata.APBPrescTable
                0x08002264        0x8 build/system_stm32f1xx.o
                0x08002264                APBPrescTable
 .rodata.AHBPrescTable
                0x0800226c       0x10 build/system_stm32f1xx.o
                0x0800226c                AHBPrescTable
 .rodata.run.str1.4
                0x0800227c        0x7 build/ex8.o
                0x08002284                . = ALIGN (0x4)
 *fill*         0x08002283        0x1 

.rel.dyn        0x08002284        0x0
 .rel.iplt      0x08002284        0x0 d:/appdev/vsarm/armcc/bin/../lib/gcc/arm-none-eabi/12.2.1/thumb/v7-m/nofp/crtbegin.o

.ARM.extab
 *(.ARM.extab* .gnu.linkonce.armextab.*)

.ARM            0x08002284        0x0
                0x08002284                __exidx_start = .
 *(.ARM.exidx*)
                0x08002284                __exidx_end = .

.preinit_array  0x08002284        0x0
                0x08002284                PROVIDE (__preinit_array_start = .)
 *(.preinit_array*)
                0x08002284                PROVIDE (__preinit_array_end = .)

.init_array     0x08002284        0x4
                0x08002284                PROVIDE (__init_array_start = .)
 *(SORT_BY_NAME(.init_array.*))
 *(.init_array*)
 .init_array    0x08002284        0x4 d:/appdev/vsarm/armcc/bin/../lib/gcc/arm-none-eabi/12.2.1/thumb/v7-m/nofp/crtbegin.o
                0x08002288                PROVIDE (__init_array_end = .)

.fini_array     0x08002288        0x4
                [!provide]                PROVIDE (__fini_array_start = .)
 *(SORT_BY_NAME(.fini_array.*))
 *(.fini_array*)
 .fini_array    0x08002288        0x4 d:/appdev/vsarm/armcc/bin/../lib/gcc/arm-none-eabi/12.2.1/thumb/v7-m/nofp/crtbegin.o
                [!provide]                PROVIDE (__fini_array_end = .)
                0x0800228c                _sidata = LOADADDR (.data)

.data           0x20000000       0x68 load address 0x0800228c
                0x20000000                . = ALIGN (0x4)
                0x20000000                _sdata = .
 *(.data)
 *(.data*)
 .data.uwTickFreq
                0x20000000        0x1 build/stm32f1xx_hal.o
                0x20000000                uwTickFreq
 *fill*         0x20000001        0x3 
 .data.uwTickPrio
                0x20000004        0x4 build/stm32f1xx_hal.o
                0x20000004                uwTickPrio
 .data.SystemCoreClock
                0x20000008        0x4 build/system_stm32f1xx.o
                0x20000008                SystemCoreClock
 .data.__sglue  0x2000000c        0xc d:/appdev/vsarm/armcc/bin/../lib/gcc/arm-none-eabi/12.2.1/thumb/v7-m/nofp\libc_nano.a(libc_a-findfp.o)
                0x2000000c                __sglue
 .data._impure_ptr
                0x20000018        0x4 d:/appdev/vsarm/armcc/bin/../lib/gcc/arm-none-eabi/12.2.1/thumb/v7-m/nofp\libc_nano.a(libc_a-impure.o)
                0x20000018                _impure_ptr
 .data._impure_data
                0x2000001c       0x4c d:/appdev/vsarm/armcc/bin/../lib/gcc/arm-none-eabi/12.2.1/thumb/v7-m/nofp\libc_nano.a(libc_a-impure.o)
                0x2000001c                _impure_data
                0x20000068                . = ALIGN (0x4)
                0x20000068                _edata = .

.tm_clone_table
                0x20000068        0x0 load address 0x080022f4
 .tm_clone_table
                0x20000068        0x0 d:/appdev/vsarm/armcc/bin/../lib/gcc/arm-none-eabi/12.2.1/thumb/v7-m/nofp/crtbegin.o
 .tm_clone_table
                0x20000068        0x0 d:/appdev/vsarm/armcc/bin/../lib/gcc/arm-none-eabi/12.2.1/thumb/v7-m/nofp/crtend.o

.igot.plt       0x20000068        0x0 load address 0x080022f4
 .igot.plt      0x20000068        0x0 d:/appdev/vsarm/armcc/bin/../lib/gcc/arm-none-eabi/12.2.1/thumb/v7-m/nofp/crtbegin.o
                0x20000068                . = ALIGN (0x4)

.bss            0x20000068      0x2c8 load address 0x080022f4
                0x20000068                _sbss = .
                0x20000068                __bss_start__ = _sbss
 *(.bss)
 *(.bss*)
 .bss.completed.1
                0x20000068        0x1 d:/appdev/vsarm/armcc/bin/../lib/gcc/arm-none-eabi/12.2.1/thumb/v7-m/nofp/crtbegin.o
 *fill*         0x20000069        0x3 
 .bss.object.0  0x2000006c       0x18 d:/appdev/vsarm/armcc/bin/../lib/gcc/arm-none-eabi/12.2.1/thumb/v7-m/nofp/crtbegin.o
 .bss.uwTick    0x20000084        0x4 build/stm32f1xx_hal.o
                0x20000084                uwTick
 .bss.g_fac_us  0x20000088        0x2 build/delay.o
 *fill*         0x2000008a        0x2 
 .bss.g_uart1_handle
                0x2000008c       0x40 build/usart.o
                0x2000008c                g_uart1_handle
 .bss.g_rx_buffer
                0x200000cc        0x1 build/usart.o
                0x200000cc                g_rx_buffer
 *fill*         0x200000cd        0x1 
 .bss.g_usart_rx_sta
                0x200000ce        0x2 build/usart.o
                0x200000ce                g_usart_rx_sta
 .bss.g_usart_rx_buf
                0x200000d0       0xc8 build/usart.o
                0x200000d0                g_usart_rx_buf
 .bss.g_timx_handle
                0x20000198       0x48 build/btim.o
                0x20000198                g_timx_handle
 .bss.__sf      0x200001e0      0x138 d:/appdev/vsarm/armcc/bin/../lib/gcc/arm-none-eabi/12.2.1/thumb/v7-m/nofp\libc_nano.a(libc_a-findfp.o)
                0x200001e0                __sf
 .bss.__stdio_exit_handler
                0x20000318        0x4 d:/appdev/vsarm/armcc/bin/../lib/gcc/arm-none-eabi/12.2.1/thumb/v7-m/nofp\libc_nano.a(libc_a-findfp.o)
                0x20000318                __stdio_exit_handler
 .bss.errno     0x2000031c        0x4 d:/appdev/vsarm/armcc/bin/../lib/gcc/arm-none-eabi/12.2.1/thumb/v7-m/nofp\libc_nano.a(libc_a-reent.o)
                0x2000031c                errno
 .bss.__lock___malloc_recursive_mutex
                0x20000320        0x1 d:/appdev/vsarm/armcc/bin/../lib/gcc/arm-none-eabi/12.2.1/thumb/v7-m/nofp\libc_nano.a(libc_a-lock.o)
                0x20000320                __lock___malloc_recursive_mutex
 .bss.__lock___sfp_recursive_mutex
                0x20000321        0x1 d:/appdev/vsarm/armcc/bin/../lib/gcc/arm-none-eabi/12.2.1/thumb/v7-m/nofp\libc_nano.a(libc_a-lock.o)
                0x20000321                __lock___sfp_recursive_mutex
 *fill*         0x20000322        0x2 
 .bss.__malloc_sbrk_start
                0x20000324        0x4 d:/appdev/vsarm/armcc/bin/../lib/gcc/arm-none-eabi/12.2.1/thumb/v7-m/nofp\libc_nano.a(libc_a-mallocr.o)
                0x20000324                __malloc_sbrk_start
 .bss.__malloc_free_list
                0x20000328        0x4 d:/appdev/vsarm/armcc/bin/../lib/gcc/arm-none-eabi/12.2.1/thumb/v7-m/nofp\libc_nano.a(libc_a-mallocr.o)
                0x20000328                __malloc_free_list
 .bss.heap_end.0
                0x2000032c        0x4 d:/appdev/vsarm/armcc/bin/../lib/gcc/arm-none-eabi/12.2.1/thumb/v7-m/nofp\libnosys.a(sbrk.o)
 *(COMMON)
                0x20000330                . = ALIGN (0x4)
                0x20000330                _ebss = .
                0x20000330                __bss_end__ = _ebss

._user_heap_stack
                0x20000330      0x600 load address 0x080022f4
                0x20000330                . = ALIGN (0x8)
                0x20000330                PROVIDE (end = .)
                [!provide]                PROVIDE (_end = .)
                0x20000530                . = (. + _Min_Heap_Size)
 *fill*         0x20000330      0x200 
                0x20000930                . = (. + _Min_Stack_Size)
 *fill*         0x20000530      0x400 
                0x20000930                . = ALIGN (0x8)

/DISCARD/
 libc.a(*)
 libm.a(*)
 libgcc.a(*)

.ARM.attributes
                0x00000000       0x29
 *(.ARM.attributes)
 .ARM.attributes
                0x00000000       0x1d d:/appdev/vsarm/armcc/bin/../lib/gcc/arm-none-eabi/12.2.1/thumb/v7-m/nofp/crti.o
 .ARM.attributes
                0x0000001d       0x2d d:/appdev/vsarm/armcc/bin/../lib/gcc/arm-none-eabi/12.2.1/thumb/v7-m/nofp/crtbegin.o
 .ARM.attributes
                0x0000004a       0x2d build/main.o
 .ARM.attributes
                0x00000077       0x2d build/stm32f1xx_it.o
 .ARM.attributes
                0x000000a4       0x2d build/stm32f1xx_hal_msp.o
 .ARM.attributes
                0x000000d1       0x2d build/stm32f1xx_hal_gpio.o
 .ARM.attributes
                0x000000fe       0x2d build/stm32f1xx_hal_tim.o
 .ARM.attributes
                0x0000012b       0x2d build/stm32f1xx_hal_tim_ex.o
 .ARM.attributes
                0x00000158       0x2d build/stm32f1xx_hal.o
 .ARM.attributes
                0x00000185       0x2d build/stm32f1xx_hal_rcc.o
 .ARM.attributes
                0x000001b2       0x2d build/stm32f1xx_hal_dma.o
 .ARM.attributes
                0x000001df       0x2d build/stm32f1xx_hal_cortex.o
 .ARM.attributes
                0x0000020c       0x2d build/stm32f1xx_hal_uart.o
 .ARM.attributes
                0x00000239       0x2d build/system_stm32f1xx.o
 .ARM.attributes
                0x00000266       0x2d build/sys.o
 .ARM.attributes
                0x00000293       0x2d build/delay.o
 .ARM.attributes
                0x000002c0       0x2d build/usart.o
 .ARM.attributes
                0x000002ed       0x2d build/ex8.o
 .ARM.attributes
                0x0000031a       0x2d build/btim.o
 .ARM.attributes
                0x00000347       0x2d build/led.o
 .ARM.attributes
                0x00000374       0x21 build/startup_stm32f103xe.o
 .ARM.attributes
                0x00000395       0x2d d:/appdev/vsarm/armcc/bin/../lib/gcc/arm-none-eabi/12.2.1/thumb/v7-m/nofp\libc_nano.a(libc_a-findfp.o)
 .ARM.attributes
                0x000003c2       0x2d d:/appdev/vsarm/armcc/bin/../lib/gcc/arm-none-eabi/12.2.1/thumb/v7-m/nofp\libc_nano.a(libc_a-fwalk.o)
 .ARM.attributes
                0x000003ef       0x2d d:/appdev/vsarm/armcc/bin/../lib/gcc/arm-none-eabi/12.2.1/thumb/v7-m/nofp\libc_nano.a(libc_a-puts.o)
 .ARM.attributes
                0x0000041c       0x2d d:/appdev/vsarm/armcc/bin/../lib/gcc/arm-none-eabi/12.2.1/thumb/v7-m/nofp\libc_nano.a(libc_a-stdio.o)
 .ARM.attributes
                0x00000449       0x2d d:/appdev/vsarm/armcc/bin/../lib/gcc/arm-none-eabi/12.2.1/thumb/v7-m/nofp\libc_nano.a(libc_a-wbuf.o)
 .ARM.attributes
                0x00000476       0x2d d:/appdev/vsarm/armcc/bin/../lib/gcc/arm-none-eabi/12.2.1/thumb/v7-m/nofp\libc_nano.a(libc_a-wsetup.o)
 .ARM.attributes
                0x000004a3       0x2d d:/appdev/vsarm/armcc/bin/../lib/gcc/arm-none-eabi/12.2.1/thumb/v7-m/nofp\libc_nano.a(libc_a-memset.o)
 .ARM.attributes
                0x000004d0       0x2d d:/appdev/vsarm/armcc/bin/../lib/gcc/arm-none-eabi/12.2.1/thumb/v7-m/nofp\libc_nano.a(libc_a-closer.o)
 .ARM.attributes
                0x000004fd       0x2d d:/appdev/vsarm/armcc/bin/../lib/gcc/arm-none-eabi/12.2.1/thumb/v7-m/nofp\libc_nano.a(libc_a-reent.o)
 .ARM.attributes
                0x0000052a       0x2d d:/appdev/vsarm/armcc/bin/../lib/gcc/arm-none-eabi/12.2.1/thumb/v7-m/nofp\libc_nano.a(libc_a-impure.o)
 .ARM.attributes
                0x00000557       0x2d d:/appdev/vsarm/armcc/bin/../lib/gcc/arm-none-eabi/12.2.1/thumb/v7-m/nofp\libc_nano.a(libc_a-lseekr.o)
 .ARM.attributes
                0x00000584       0x2d d:/appdev/vsarm/armcc/bin/../lib/gcc/arm-none-eabi/12.2.1/thumb/v7-m/nofp\libc_nano.a(libc_a-readr.o)
 .ARM.attributes
                0x000005b1       0x2d d:/appdev/vsarm/armcc/bin/../lib/gcc/arm-none-eabi/12.2.1/thumb/v7-m/nofp\libc_nano.a(libc_a-writer.o)
 .ARM.attributes
                0x000005de       0x2d d:/appdev/vsarm/armcc/bin/../lib/gcc/arm-none-eabi/12.2.1/thumb/v7-m/nofp\libc_nano.a(libc_a-init.o)
 .ARM.attributes
                0x0000060b       0x2d d:/appdev/vsarm/armcc/bin/../lib/gcc/arm-none-eabi/12.2.1/thumb/v7-m/nofp\libc_nano.a(libc_a-lock.o)
 .ARM.attributes
                0x00000638       0x2d d:/appdev/vsarm/armcc/bin/../lib/gcc/arm-none-eabi/12.2.1/thumb/v7-m/nofp\libc_nano.a(libc_a-freer.o)
 .ARM.attributes
                0x00000665       0x2d d:/appdev/vsarm/armcc/bin/../lib/gcc/arm-none-eabi/12.2.1/thumb/v7-m/nofp\libc_nano.a(libc_a-mallocr.o)
 .ARM.attributes
                0x00000692       0x2d d:/appdev/vsarm/armcc/bin/../lib/gcc/arm-none-eabi/12.2.1/thumb/v7-m/nofp\libc_nano.a(libc_a-mlock.o)
 .ARM.attributes
                0x000006bf       0x2d d:/appdev/vsarm/armcc/bin/../lib/gcc/arm-none-eabi/12.2.1/thumb/v7-m/nofp\libc_nano.a(libc_a-fflush.o)
 .ARM.attributes
                0x000006ec       0x2d d:/appdev/vsarm/armcc/bin/../lib/gcc/arm-none-eabi/12.2.1/thumb/v7-m/nofp\libc_nano.a(libc_a-makebuf.o)
 .ARM.attributes
                0x00000719       0x2d d:/appdev/vsarm/armcc/bin/../lib/gcc/arm-none-eabi/12.2.1/thumb/v7-m/nofp\libc_nano.a(libc_a-fstatr.o)
 .ARM.attributes
                0x00000746       0x2d d:/appdev/vsarm/armcc/bin/../lib/gcc/arm-none-eabi/12.2.1/thumb/v7-m/nofp\libc_nano.a(libc_a-isattyr.o)
 .ARM.attributes
                0x00000773       0x2d d:/appdev/vsarm/armcc/bin/../lib/gcc/arm-none-eabi/12.2.1/thumb/v7-m/nofp\libc_nano.a(libc_a-sbrkr.o)
 .ARM.attributes
                0x000007a0       0x2d d:/appdev/vsarm/armcc/bin/../lib/gcc/arm-none-eabi/12.2.1/thumb/v7-m/nofp\libnosys.a(close.o)
 .ARM.attributes
                0x000007cd       0x2d d:/appdev/vsarm/armcc/bin/../lib/gcc/arm-none-eabi/12.2.1/thumb/v7-m/nofp\libnosys.a(fstat.o)
 .ARM.attributes
                0x000007fa       0x2d d:/appdev/vsarm/armcc/bin/../lib/gcc/arm-none-eabi/12.2.1/thumb/v7-m/nofp\libnosys.a(isatty.o)
 .ARM.attributes
                0x00000827       0x2d d:/appdev/vsarm/armcc/bin/../lib/gcc/arm-none-eabi/12.2.1/thumb/v7-m/nofp\libnosys.a(lseek.o)
 .ARM.attributes
                0x00000854       0x2d d:/appdev/vsarm/armcc/bin/../lib/gcc/arm-none-eabi/12.2.1/thumb/v7-m/nofp\libnosys.a(read.o)
 .ARM.attributes
                0x00000881       0x2d d:/appdev/vsarm/armcc/bin/../lib/gcc/arm-none-eabi/12.2.1/thumb/v7-m/nofp\libnosys.a(sbrk.o)
 .ARM.attributes
                0x000008ae       0x2d d:/appdev/vsarm/armcc/bin/../lib/gcc/arm-none-eabi/12.2.1/thumb/v7-m/nofp/crtend.o
 .ARM.attributes
                0x000008db       0x1d d:/appdev/vsarm/armcc/bin/../lib/gcc/arm-none-eabi/12.2.1/thumb/v7-m/nofp/crtn.o
OUTPUT(build/vsarm_firmware.elf elf32-littlearm)
LOAD linker stubs
LOAD d:/appdev/vsarm/armcc/bin/../lib/gcc/arm-none-eabi/12.2.1/thumb/v7-m/nofp\libc.a
LOAD d:/appdev/vsarm/armcc/bin/../lib/gcc/arm-none-eabi/12.2.1/thumb/v7-m/nofp\libm.a
LOAD d:/appdev/vsarm/armcc/bin/../lib/gcc/arm-none-eabi/12.2.1/thumb/v7-m/nofp\libgcc.a

.debug_info     0x00000000     0xe32b
 .debug_info    0x00000000      0x182 build/main.o
 .debug_info    0x00000182      0x14d build/stm32f1xx_it.o
 .debug_info    0x000002cf      0x237 build/stm32f1xx_hal_msp.o
 .debug_info    0x00000506      0x6d3 build/stm32f1xx_hal_gpio.o
 .debug_info    0x00000bd9     0x4917 build/stm32f1xx_hal_tim.o
 .debug_info    0x000054f0     0x1c64 build/stm32f1xx_hal_tim_ex.o
 .debug_info    0x00007154      0x918 build/stm32f1xx_hal.o
 .debug_info    0x00007a6c      0xb29 build/stm32f1xx_hal_rcc.o
 .debug_info    0x00008595      0x8d2 build/stm32f1xx_hal_dma.o
 .debug_info    0x00008e67      0xede build/stm32f1xx_hal_cortex.o
 .debug_info    0x00009d45     0x1a68 build/stm32f1xx_hal_uart.o
 .debug_info    0x0000b7ad      0x26e build/system_stm32f1xx.o
 .debug_info    0x0000ba1b      0x743 build/sys.o
 .debug_info    0x0000c15e      0x376 build/delay.o
 .debug_info    0x0000c4d4      0xc89 build/usart.o
 .debug_info    0x0000d15d      0x253 build/ex8.o
 .debug_info    0x0000d3b0      0xbdb build/btim.o
 .debug_info    0x0000df8b      0x370 build/led.o
 .debug_info    0x0000e2fb       0x30 build/startup_stm32f103xe.o

.debug_abbrev   0x00000000     0x270e
 .debug_abbrev  0x00000000       0xe0 build/main.o
 .debug_abbrev  0x000000e0       0xb7 build/stm32f1xx_it.o
 .debug_abbrev  0x00000197       0xee build/stm32f1xx_hal_msp.o
 .debug_abbrev  0x00000285      0x220 build/stm32f1xx_hal_gpio.o
 .debug_abbrev  0x000004a5      0x3d4 build/stm32f1xx_hal_tim.o
 .debug_abbrev  0x00000879      0x353 build/stm32f1xx_hal_tim_ex.o
 .debug_abbrev  0x00000bcc      0x276 build/stm32f1xx_hal.o
 .debug_abbrev  0x00000e42      0x321 build/stm32f1xx_hal_rcc.o
 .debug_abbrev  0x00001163      0x27c build/stm32f1xx_hal_dma.o
 .debug_abbrev  0x000013df      0x35e build/stm32f1xx_hal_cortex.o
 .debug_abbrev  0x0000173d      0x37b build/stm32f1xx_hal_uart.o
 .debug_abbrev  0x00001ab8      0x140 build/system_stm32f1xx.o
 .debug_abbrev  0x00001bf8      0x242 build/sys.o
 .debug_abbrev  0x00001e3a      0x1d4 build/delay.o
 .debug_abbrev  0x0000200e      0x246 build/usart.o
 .debug_abbrev  0x00002254      0x11a build/ex8.o
 .debug_abbrev  0x0000236e      0x237 build/btim.o
 .debug_abbrev  0x000025a5      0x14c build/led.o
 .debug_abbrev  0x000026f1       0x1d build/startup_stm32f103xe.o

.debug_loc      0x00000000     0xca49
 .debug_loc     0x00000000       0x20 build/main.o
 .debug_loc     0x00000020       0x41 build/stm32f1xx_hal_msp.o
 .debug_loc     0x00000061      0x53a build/stm32f1xx_hal_gpio.o
 .debug_loc     0x0000059b     0x6413 build/stm32f1xx_hal_tim.o
 .debug_loc     0x000069ae     0x1d50 build/stm32f1xx_hal_tim_ex.o
 .debug_loc     0x000086fe      0x208 build/stm32f1xx_hal.o
 .debug_loc     0x00008906      0x741 build/stm32f1xx_hal_rcc.o
 .debug_loc     0x00009047      0xb8c build/stm32f1xx_hal_dma.o
 .debug_loc     0x00009bd3      0x822 build/stm32f1xx_hal_cortex.o
 .debug_loc     0x0000a3f5     0x1daa build/stm32f1xx_hal_uart.o
 .debug_loc     0x0000c19f       0xe7 build/system_stm32f1xx.o
 .debug_loc     0x0000c286      0x102 build/sys.o
 .debug_loc     0x0000c388      0x384 build/delay.o
 .debug_loc     0x0000c70c      0x1c1 build/usart.o
 .debug_loc     0x0000c8cd       0x20 build/ex8.o
 .debug_loc     0x0000c8ed      0x124 build/btim.o
 .debug_loc     0x0000ca11       0x38 build/led.o

.debug_aranges  0x00000000      0xbb0
 .debug_aranges
                0x00000000       0x20 build/main.o
 .debug_aranges
                0x00000020       0x60 build/stm32f1xx_it.o
 .debug_aranges
                0x00000080       0x20 build/stm32f1xx_hal_msp.o
 .debug_aranges
                0x000000a0       0x58 build/stm32f1xx_hal_gpio.o
 .debug_aranges
                0x000000f8      0x3a0 build/stm32f1xx_hal_tim.o
 .debug_aranges
                0x00000498      0x160 build/stm32f1xx_hal_tim_ex.o
 .debug_aranges
                0x000005f8       0xe0 build/stm32f1xx_hal.o
 .debug_aranges
                0x000006d8       0x88 build/stm32f1xx_hal_rcc.o
 .debug_aranges
                0x00000760       0x78 build/stm32f1xx_hal_dma.o
 .debug_aranges
                0x000007d8       0x90 build/stm32f1xx_hal_cortex.o
 .debug_aranges
                0x00000868      0x1b0 build/stm32f1xx_hal_uart.o
 .debug_aranges
                0x00000a18       0x28 build/system_stm32f1xx.o
 .debug_aranges
                0x00000a40       0x58 build/sys.o
 .debug_aranges
                0x00000a98       0x38 build/delay.o
 .debug_aranges
                0x00000ad0       0x40 build/usart.o
 .debug_aranges
                0x00000b10       0x20 build/ex8.o
 .debug_aranges
                0x00000b30       0x38 build/btim.o
 .debug_aranges
                0x00000b68       0x20 build/led.o
 .debug_aranges
                0x00000b88       0x28 build/startup_stm32f103xe.o

.debug_ranges   0x00000000     0x13f0
 .debug_ranges  0x00000000       0x10 build/main.o
 .debug_ranges  0x00000010       0x50 build/stm32f1xx_it.o
 .debug_ranges  0x00000060       0x48 build/stm32f1xx_hal_msp.o
 .debug_ranges  0x000000a8       0x70 build/stm32f1xx_hal_gpio.o
 .debug_ranges  0x00000118      0x720 build/stm32f1xx_hal_tim.o
 .debug_ranges  0x00000838      0x2b0 build/stm32f1xx_hal_tim_ex.o
 .debug_ranges  0x00000ae8       0xd0 build/stm32f1xx_hal.o
 .debug_ranges  0x00000bb8      0x120 build/stm32f1xx_hal_rcc.o
 .debug_ranges  0x00000cd8       0xb0 build/stm32f1xx_hal_dma.o
 .debug_ranges  0x00000d88      0x180 build/stm32f1xx_hal_cortex.o
 .debug_ranges  0x00000f08      0x270 build/stm32f1xx_hal_uart.o
 .debug_ranges  0x00001178       0x18 build/system_stm32f1xx.o
 .debug_ranges  0x00001190       0x68 build/sys.o
 .debug_ranges  0x000011f8       0xb0 build/delay.o
 .debug_ranges  0x000012a8       0x70 build/usart.o
 .debug_ranges  0x00001318       0x10 build/ex8.o
 .debug_ranges  0x00001328       0x50 build/btim.o
 .debug_ranges  0x00001378       0x58 build/led.o
 .debug_ranges  0x000013d0       0x20 build/startup_stm32f103xe.o

.debug_line     0x00000000     0xcf6f
 .debug_line    0x00000000      0x169 build/main.o
 .debug_line    0x00000169      0x16c build/stm32f1xx_it.o
 .debug_line    0x000002d5      0x12d build/stm32f1xx_hal_msp.o
 .debug_line    0x00000402      0x5c7 build/stm32f1xx_hal_gpio.o
 .debug_line    0x000009c9     0x4f80 build/stm32f1xx_hal_tim.o
 .debug_line    0x00005949     0x1bb4 build/stm32f1xx_hal_tim_ex.o
 .debug_line    0x000074fd      0x522 build/stm32f1xx_hal.o
 .debug_line    0x00007a1f      0xd09 build/stm32f1xx_hal_rcc.o
 .debug_line    0x00008728      0xe48 build/stm32f1xx_hal_dma.o
 .debug_line    0x00009570      0x68f build/stm32f1xx_hal_cortex.o
 .debug_line    0x00009bff     0x1ff7 build/stm32f1xx_hal_uart.o
 .debug_line    0x0000bbf6      0x1c3 build/system_stm32f1xx.o
 .debug_line    0x0000bdb9      0x38c build/sys.o
 .debug_line    0x0000c145      0x3f4 build/delay.o
 .debug_line    0x0000c539      0x3e3 build/usart.o
 .debug_line    0x0000c91c      0x1f4 build/ex8.o
 .debug_line    0x0000cb10      0x257 build/btim.o
 .debug_line    0x0000cd67      0x196 build/led.o
 .debug_line    0x0000cefd       0x72 build/startup_stm32f103xe.o

.debug_str      0x00000000     0x3730
 .debug_str     0x00000000      0x187 build/main.o
                                0x1d7 (size before relaxing)
 .debug_str     0x00000187       0xaf build/stm32f1xx_it.o
                                0x1ed (size before relaxing)
 .debug_str     0x00000236       0x98 build/stm32f1xx_hal_msp.o
                                0x1ea (size before relaxing)
 .debug_str     0x000002ce      0x196 build/stm32f1xx_hal_gpio.o
                                0x3cb (size before relaxing)
 .debug_str     0x00000464     0x13c2 build/stm32f1xx_hal_tim.o
                               0x1639 (size before relaxing)
 .debug_str     0x00001826      0x584 build/stm32f1xx_hal_tim_ex.o
                                0xe7e (size before relaxing)
 .debug_str     0x00001daa      0x6e1 build/stm32f1xx_hal.o
                                0x8dd (size before relaxing)
 .debug_str     0x0000248b      0x33e build/stm32f1xx_hal_rcc.o
                                0x5f6 (size before relaxing)
 .debug_str     0x000027c9      0x20a build/stm32f1xx_hal_dma.o
                                0x5c8 (size before relaxing)
 .debug_str     0x000029d3      0x3b8 build/stm32f1xx_hal_cortex.o
                                0x982 (size before relaxing)
 .debug_str     0x00002d8b      0x6f1 build/stm32f1xx_hal_uart.o
                                0xb6d (size before relaxing)
 .debug_str     0x0000347c       0x4a build/system_stm32f1xx.o
                                0x21a (size before relaxing)
 .debug_str     0x000034c6       0xc8 build/sys.o
                                0x45b (size before relaxing)
 .debug_str     0x0000358e       0x4d build/delay.o
                                0x207 (size before relaxing)
 .debug_str     0x000035db       0xa1 build/usart.o
                                0xaaf (size before relaxing)
 .debug_str     0x0000367c       0x35 build/ex8.o
                                0x1de (size before relaxing)
 .debug_str     0x000036b1       0x37 build/btim.o
                                0xb6a (size before relaxing)
 .debug_str     0x000036e8       0x16 build/led.o
                                0x259 (size before relaxing)
 .debug_str     0x000036fe       0x32 build/startup_stm32f103xe.o
                                 0x56 (size before relaxing)

.comment        0x00000000       0x45
 .comment       0x00000000       0x45 build/main.o
                                 0x46 (size before relaxing)
 .comment       0x00000045       0x46 build/stm32f1xx_it.o
 .comment       0x00000045       0x46 build/stm32f1xx_hal_msp.o
 .comment       0x00000045       0x46 build/stm32f1xx_hal_gpio.o
 .comment       0x00000045       0x46 build/stm32f1xx_hal_tim.o
 .comment       0x00000045       0x46 build/stm32f1xx_hal_tim_ex.o
 .comment       0x00000045       0x46 build/stm32f1xx_hal.o
 .comment       0x00000045       0x46 build/stm32f1xx_hal_rcc.o
 .comment       0x00000045       0x46 build/stm32f1xx_hal_dma.o
 .comment       0x00000045       0x46 build/stm32f1xx_hal_cortex.o
 .comment       0x00000045       0x46 build/stm32f1xx_hal_uart.o
 .comment       0x00000045       0x46 build/system_stm32f1xx.o
 .comment       0x00000045       0x46 build/sys.o
 .comment       0x00000045       0x46 build/delay.o
 .comment       0x00000045       0x46 build/usart.o
 .comment       0x00000045       0x46 build/ex8.o
 .comment       0x00000045       0x46 build/btim.o
 .comment       0x00000045       0x46 build/led.o

.debug_frame    0x00000000     0x255c
 .debug_frame   0x00000000       0x28 build/main.o
 .debug_frame   0x00000028       0xa0 build/stm32f1xx_it.o
 .debug_frame   0x000000c8       0x28 build/stm32f1xx_hal_msp.o
 .debug_frame   0x000000f0       0xe4 build/stm32f1xx_hal_gpio.o
 .debug_frame   0x000001d4      0xaac build/stm32f1xx_hal_tim.o
 .debug_frame   0x00000c80      0x400 build/stm32f1xx_hal_tim_ex.o
 .debug_frame   0x00001080      0x1d4 build/stm32f1xx_hal.o
 .debug_frame   0x00001254      0x194 build/stm32f1xx_hal_rcc.o
 .debug_frame   0x000013e8      0x17c build/stm32f1xx_hal_dma.o
 .debug_frame   0x00001564      0x128 build/stm32f1xx_hal_cortex.o
 .debug_frame   0x0000168c      0x4d4 build/stm32f1xx_hal_uart.o
 .debug_frame   0x00001b60       0x30 build/system_stm32f1xx.o
 .debug_frame   0x00001b90       0xac build/sys.o
 .debug_frame   0x00001c3c       0x80 build/delay.o
 .debug_frame   0x00001cbc       0x98 build/usart.o
 .debug_frame   0x00001d54       0x28 build/ex8.o
 .debug_frame   0x00001d7c       0x74 build/btim.o
 .debug_frame   0x00001df0       0x34 build/led.o
 .debug_frame   0x00001e24      0x144 d:/appdev/vsarm/armcc/bin/../lib/gcc/arm-none-eabi/12.2.1/thumb/v7-m/nofp\libc_nano.a(libc_a-findfp.o)
 .debug_frame   0x00001f68       0x34 d:/appdev/vsarm/armcc/bin/../lib/gcc/arm-none-eabi/12.2.1/thumb/v7-m/nofp\libc_nano.a(libc_a-fwalk.o)
 .debug_frame   0x00001f9c       0x3c d:/appdev/vsarm/armcc/bin/../lib/gcc/arm-none-eabi/12.2.1/thumb/v7-m/nofp\libc_nano.a(libc_a-puts.o)
 .debug_frame   0x00001fd8       0x88 d:/appdev/vsarm/armcc/bin/../lib/gcc/arm-none-eabi/12.2.1/thumb/v7-m/nofp\libc_nano.a(libc_a-stdio.o)
 .debug_frame   0x00002060       0x40 d:/appdev/vsarm/armcc/bin/../lib/gcc/arm-none-eabi/12.2.1/thumb/v7-m/nofp\libc_nano.a(libc_a-wbuf.o)
 .debug_frame   0x000020a0       0x2c d:/appdev/vsarm/armcc/bin/../lib/gcc/arm-none-eabi/12.2.1/thumb/v7-m/nofp\libc_nano.a(libc_a-wsetup.o)
 .debug_frame   0x000020cc       0x20 d:/appdev/vsarm/armcc/bin/../lib/gcc/arm-none-eabi/12.2.1/thumb/v7-m/nofp\libc_nano.a(libc_a-memset.o)
 .debug_frame   0x000020ec       0x2c d:/appdev/vsarm/armcc/bin/../lib/gcc/arm-none-eabi/12.2.1/thumb/v7-m/nofp\libc_nano.a(libc_a-closer.o)
 .debug_frame   0x00002118       0x38 d:/appdev/vsarm/armcc/bin/../lib/gcc/arm-none-eabi/12.2.1/thumb/v7-m/nofp\libc_nano.a(libc_a-reent.o)
 .debug_frame   0x00002150       0x2c d:/appdev/vsarm/armcc/bin/../lib/gcc/arm-none-eabi/12.2.1/thumb/v7-m/nofp\libc_nano.a(libc_a-lseekr.o)
 .debug_frame   0x0000217c       0x2c d:/appdev/vsarm/armcc/bin/../lib/gcc/arm-none-eabi/12.2.1/thumb/v7-m/nofp\libc_nano.a(libc_a-readr.o)
 .debug_frame   0x000021a8       0x2c d:/appdev/vsarm/armcc/bin/../lib/gcc/arm-none-eabi/12.2.1/thumb/v7-m/nofp\libc_nano.a(libc_a-writer.o)
 .debug_frame   0x000021d4       0x2c d:/appdev/vsarm/armcc/bin/../lib/gcc/arm-none-eabi/12.2.1/thumb/v7-m/nofp\libc_nano.a(libc_a-init.o)
 .debug_frame   0x00002200       0xb0 d:/appdev/vsarm/armcc/bin/../lib/gcc/arm-none-eabi/12.2.1/thumb/v7-m/nofp\libc_nano.a(libc_a-lock.o)
 .debug_frame   0x000022b0       0x38 d:/appdev/vsarm/armcc/bin/../lib/gcc/arm-none-eabi/12.2.1/thumb/v7-m/nofp\libc_nano.a(libc_a-freer.o)
 .debug_frame   0x000022e8       0x4c d:/appdev/vsarm/armcc/bin/../lib/gcc/arm-none-eabi/12.2.1/thumb/v7-m/nofp\libc_nano.a(libc_a-mallocr.o)
 .debug_frame   0x00002334       0x30 d:/appdev/vsarm/armcc/bin/../lib/gcc/arm-none-eabi/12.2.1/thumb/v7-m/nofp\libc_nano.a(libc_a-mlock.o)
 .debug_frame   0x00002364       0x5c d:/appdev/vsarm/armcc/bin/../lib/gcc/arm-none-eabi/12.2.1/thumb/v7-m/nofp\libc_nano.a(libc_a-fflush.o)
 .debug_frame   0x000023c0       0x58 d:/appdev/vsarm/armcc/bin/../lib/gcc/arm-none-eabi/12.2.1/thumb/v7-m/nofp\libc_nano.a(libc_a-makebuf.o)
 .debug_frame   0x00002418       0x2c d:/appdev/vsarm/armcc/bin/../lib/gcc/arm-none-eabi/12.2.1/thumb/v7-m/nofp\libc_nano.a(libc_a-fstatr.o)
 .debug_frame   0x00002444       0x2c d:/appdev/vsarm/armcc/bin/../lib/gcc/arm-none-eabi/12.2.1/thumb/v7-m/nofp\libc_nano.a(libc_a-isattyr.o)
 .debug_frame   0x00002470       0x2c d:/appdev/vsarm/armcc/bin/../lib/gcc/arm-none-eabi/12.2.1/thumb/v7-m/nofp\libc_nano.a(libc_a-sbrkr.o)
 .debug_frame   0x0000249c       0x20 d:/appdev/vsarm/armcc/bin/../lib/gcc/arm-none-eabi/12.2.1/thumb/v7-m/nofp\libnosys.a(close.o)
 .debug_frame   0x000024bc       0x20 d:/appdev/vsarm/armcc/bin/../lib/gcc/arm-none-eabi/12.2.1/thumb/v7-m/nofp\libnosys.a(fstat.o)
 .debug_frame   0x000024dc       0x20 d:/appdev/vsarm/armcc/bin/../lib/gcc/arm-none-eabi/12.2.1/thumb/v7-m/nofp\libnosys.a(isatty.o)
 .debug_frame   0x000024fc       0x20 d:/appdev/vsarm/armcc/bin/../lib/gcc/arm-none-eabi/12.2.1/thumb/v7-m/nofp\libnosys.a(lseek.o)
 .debug_frame   0x0000251c       0x20 d:/appdev/vsarm/armcc/bin/../lib/gcc/arm-none-eabi/12.2.1/thumb/v7-m/nofp\libnosys.a(read.o)
 .debug_frame   0x0000253c       0x20 d:/appdev/vsarm/armcc/bin/../lib/gcc/arm-none-eabi/12.2.1/thumb/v7-m/nofp\libnosys.a(sbrk.o)

Cross Reference Table

Symbol                                            File
ADC1_2_IRQHandler                                 build/startup_stm32f103xe.o
ADC3_IRQHandler                                   build/startup_stm32f103xe.o
AHBPrescTable                                     build/system_stm32f1xx.o
                                                  build/stm32f1xx_hal_rcc.o
APBPrescTable                                     build/system_stm32f1xx.o
                                                  build/stm32f1xx_hal_rcc.o
BusFault_Handler                                  build/stm32f1xx_it.o
CAN1_RX1_IRQHandler                               build/startup_stm32f103xe.o
CAN1_SCE_IRQHandler                               build/startup_stm32f103xe.o
DMA1_Channel1_IRQHandler                          build/startup_stm32f103xe.o
DMA1_Channel2_IRQHandler                          build/startup_stm32f103xe.o
DMA1_Channel3_IRQHandler                          build/startup_stm32f103xe.o
DMA1_Channel4_IRQHandler                          build/startup_stm32f103xe.o
DMA1_Channel5_IRQHandler                          build/startup_stm32f103xe.o
DMA1_Channel6_IRQHandler                          build/startup_stm32f103xe.o
DMA1_Channel7_IRQHandler                          build/startup_stm32f103xe.o
DMA2_Channel1_IRQHandler                          build/startup_stm32f103xe.o
DMA2_Channel2_IRQHandler                          build/startup_stm32f103xe.o
DMA2_Channel3_IRQHandler                          build/startup_stm32f103xe.o
DMA2_Channel4_5_IRQHandler                        build/startup_stm32f103xe.o
DebugMon_Handler                                  build/stm32f1xx_it.o
Default_Handler                                   build/startup_stm32f103xe.o
EXTI0_IRQHandler                                  build/startup_stm32f103xe.o
EXTI15_10_IRQHandler                              build/startup_stm32f103xe.o
EXTI1_IRQHandler                                  build/startup_stm32f103xe.o
EXTI2_IRQHandler                                  build/startup_stm32f103xe.o
EXTI3_IRQHandler                                  build/startup_stm32f103xe.o
EXTI4_IRQHandler                                  build/startup_stm32f103xe.o
EXTI9_5_IRQHandler                                build/startup_stm32f103xe.o
FLASH_IRQHandler                                  build/startup_stm32f103xe.o
FLASH_PageErase                                   build/stm32f1xx_hal_flash_ex.o
                                                  build/stm32f1xx_hal_flash.o
FLASH_WaitForLastOperation                        build/stm32f1xx_hal_flash.o
                                                  build/stm32f1xx_hal_flash_ex.o
FSMC_IRQHandler                                   build/startup_stm32f103xe.o
HAL_DBGMCU_DisableDBGSleepMode                    build/stm32f1xx_hal.o
HAL_DBGMCU_DisableDBGStandbyMode                  build/stm32f1xx_hal.o
HAL_DBGMCU_DisableDBGStopMode                     build/stm32f1xx_hal.o
HAL_DBGMCU_EnableDBGSleepMode                     build/stm32f1xx_hal.o
HAL_DBGMCU_EnableDBGStandbyMode                   build/stm32f1xx_hal.o
HAL_DBGMCU_EnableDBGStopMode                      build/stm32f1xx_hal.o
HAL_DMA_Abort                                     build/stm32f1xx_hal_dma.o
                                                  build/stm32f1xx_hal_uart.o
HAL_DMA_Abort_IT                                  build/stm32f1xx_hal_dma.o
                                                  build/stm32f1xx_hal_uart.o
                                                  build/stm32f1xx_hal_tim_ex.o
                                                  build/stm32f1xx_hal_tim.o
HAL_DMA_DeInit                                    build/stm32f1xx_hal_dma.o
HAL_DMA_GetError                                  build/stm32f1xx_hal_dma.o
                                                  build/stm32f1xx_hal_uart.o
HAL_DMA_GetState                                  build/stm32f1xx_hal_dma.o
HAL_DMA_IRQHandler                                build/stm32f1xx_hal_dma.o
HAL_DMA_Init                                      build/stm32f1xx_hal_dma.o
HAL_DMA_PollForTransfer                           build/stm32f1xx_hal_dma.o
HAL_DMA_RegisterCallback                          build/stm32f1xx_hal_dma.o
HAL_DMA_Start                                     build/stm32f1xx_hal_dma.o
HAL_DMA_Start_IT                                  build/stm32f1xx_hal_dma.o
                                                  build/stm32f1xx_hal_uart.o
                                                  build/stm32f1xx_hal_tim_ex.o
                                                  build/stm32f1xx_hal_tim.o
HAL_DMA_UnRegisterCallback                        build/stm32f1xx_hal_dma.o
HAL_DeInit                                        build/stm32f1xx_hal.o
HAL_Delay                                         build/delay.o
                                                  build/stm32f1xx_hal.o
HAL_EXTI_ClearConfigLine                          build/stm32f1xx_hal_exti.o
HAL_EXTI_ClearPending                             build/stm32f1xx_hal_exti.o
HAL_EXTI_GenerateSWI                              build/stm32f1xx_hal_exti.o
HAL_EXTI_GetConfigLine                            build/stm32f1xx_hal_exti.o
HAL_EXTI_GetHandle                                build/stm32f1xx_hal_exti.o
HAL_EXTI_GetPending                               build/stm32f1xx_hal_exti.o
HAL_EXTI_IRQHandler                               build/stm32f1xx_hal_exti.o
HAL_EXTI_RegisterCallback                         build/stm32f1xx_hal_exti.o
HAL_EXTI_SetConfigLine                            build/stm32f1xx_hal_exti.o
HAL_FLASHEx_Erase                                 build/stm32f1xx_hal_flash_ex.o
HAL_FLASHEx_Erase_IT                              build/stm32f1xx_hal_flash_ex.o
HAL_FLASHEx_OBErase                               build/stm32f1xx_hal_flash_ex.o
HAL_FLASHEx_OBGetConfig                           build/stm32f1xx_hal_flash_ex.o
HAL_FLASHEx_OBGetUserData                         build/stm32f1xx_hal_flash_ex.o
HAL_FLASHEx_OBProgram                             build/stm32f1xx_hal_flash_ex.o
HAL_FLASH_EndOfOperationCallback                  build/stm32f1xx_hal_flash.o
HAL_FLASH_GetError                                build/stm32f1xx_hal_flash.o
HAL_FLASH_IRQHandler                              build/stm32f1xx_hal_flash.o
HAL_FLASH_Lock                                    build/stm32f1xx_hal_flash.o
HAL_FLASH_OB_Launch                               build/stm32f1xx_hal_flash.o
HAL_FLASH_OB_Lock                                 build/stm32f1xx_hal_flash.o
HAL_FLASH_OB_Unlock                               build/stm32f1xx_hal_flash.o
HAL_FLASH_OperationErrorCallback                  build/stm32f1xx_hal_flash.o
HAL_FLASH_Program                                 build/stm32f1xx_hal_flash.o
HAL_FLASH_Program_IT                              build/stm32f1xx_hal_flash.o
HAL_FLASH_Unlock                                  build/stm32f1xx_hal_flash.o
HAL_GPIOEx_ConfigEventout                         build/stm32f1xx_hal_gpio_ex.o
HAL_GPIOEx_DisableEventout                        build/stm32f1xx_hal_gpio_ex.o
HAL_GPIOEx_EnableEventout                         build/stm32f1xx_hal_gpio_ex.o
HAL_GPIO_DeInit                                   build/stm32f1xx_hal_gpio.o
HAL_GPIO_EXTI_Callback                            build/stm32f1xx_hal_gpio.o
HAL_GPIO_EXTI_IRQHandler                          build/stm32f1xx_hal_gpio.o
HAL_GPIO_Init                                     build/stm32f1xx_hal_gpio.o
                                                  build/led.o
                                                  build/usart.o
                                                  build/stm32f1xx_hal_rcc.o
HAL_GPIO_LockPin                                  build/stm32f1xx_hal_gpio.o
HAL_GPIO_ReadPin                                  build/stm32f1xx_hal_gpio.o
HAL_GPIO_TogglePin                                build/stm32f1xx_hal_gpio.o
                                                  build/btim.o
                                                  build/ex8.o
HAL_GPIO_WritePin                                 build/stm32f1xx_hal_gpio.o
                                                  build/led.o
HAL_GetDEVID                                      build/stm32f1xx_hal.o
HAL_GetHalVersion                                 build/stm32f1xx_hal.o
HAL_GetREVID                                      build/stm32f1xx_hal.o
HAL_GetTick                                       build/stm32f1xx_hal.o
                                                  build/stm32f1xx_hal_iwdg.o
                                                  build/stm32f1xx_hal_uart.o
                                                  build/stm32f1xx_hal_flash.o
                                                  build/stm32f1xx_hal_dma.o
                                                  build/stm32f1xx_hal_rcc_ex.o
                                                  build/stm32f1xx_hal_rcc.o
HAL_GetTickFreq                                   build/stm32f1xx_hal.o
HAL_GetTickPrio                                   build/stm32f1xx_hal.o
HAL_GetUIDw0                                      build/stm32f1xx_hal.o
HAL_GetUIDw1                                      build/stm32f1xx_hal.o
HAL_GetUIDw2                                      build/stm32f1xx_hal.o
HAL_HalfDuplex_EnableReceiver                     build/stm32f1xx_hal_uart.o
HAL_HalfDuplex_EnableTransmitter                  build/stm32f1xx_hal_uart.o
HAL_HalfDuplex_Init                               build/stm32f1xx_hal_uart.o
HAL_IWDG_Init                                     build/stm32f1xx_hal_iwdg.o
HAL_IWDG_Refresh                                  build/stm32f1xx_hal_iwdg.o
HAL_IncTick                                       build/stm32f1xx_hal.o
                                                  build/stm32f1xx_it.o
HAL_Init                                          build/stm32f1xx_hal.o
                                                  build/main.o
HAL_InitTick                                      build/stm32f1xx_hal.o
                                                  build/stm32f1xx_hal_rcc.o
HAL_LIN_Init                                      build/stm32f1xx_hal_uart.o
HAL_LIN_SendBreak                                 build/stm32f1xx_hal_uart.o
HAL_MspDeInit                                     build/stm32f1xx_hal.o
HAL_MspInit                                       build/stm32f1xx_hal_msp.o
HAL_MultiProcessor_EnterMuteMode                  build/stm32f1xx_hal_uart.o
HAL_MultiProcessor_ExitMuteMode                   build/stm32f1xx_hal_uart.o
HAL_MultiProcessor_Init                           build/stm32f1xx_hal_uart.o
HAL_NVIC_ClearPendingIRQ                          build/stm32f1xx_hal_cortex.o
HAL_NVIC_DisableIRQ                               build/stm32f1xx_hal_cortex.o
HAL_NVIC_EnableIRQ                                build/stm32f1xx_hal_cortex.o
                                                  build/btim.o
                                                  build/usart.o
HAL_NVIC_GetActive                                build/stm32f1xx_hal_cortex.o
HAL_NVIC_GetPendingIRQ                            build/stm32f1xx_hal_cortex.o
HAL_NVIC_GetPriority                              build/stm32f1xx_hal_cortex.o
HAL_NVIC_GetPriorityGrouping                      build/stm32f1xx_hal_cortex.o
HAL_NVIC_SetPendingIRQ                            build/stm32f1xx_hal_cortex.o
HAL_NVIC_SetPriority                              build/stm32f1xx_hal_cortex.o
                                                  build/btim.o
                                                  build/usart.o
                                                  build/stm32f1xx_hal.o
HAL_NVIC_SetPriorityGrouping                      build/stm32f1xx_hal_cortex.o
                                                  build/stm32f1xx_hal.o
HAL_NVIC_SystemReset                              build/stm32f1xx_hal_cortex.o
                                                  build/stm32f1xx_hal_flash.o
HAL_PWR_ConfigPVD                                 build/stm32f1xx_hal_pwr.o
HAL_PWR_DeInit                                    build/stm32f1xx_hal_pwr.o
HAL_PWR_DisableBkUpAccess                         build/stm32f1xx_hal_pwr.o
HAL_PWR_DisablePVD                                build/stm32f1xx_hal_pwr.o
HAL_PWR_DisableSEVOnPend                          build/stm32f1xx_hal_pwr.o
HAL_PWR_DisableSleepOnExit                        build/stm32f1xx_hal_pwr.o
HAL_PWR_DisableWakeUpPin                          build/stm32f1xx_hal_pwr.o
HAL_PWR_EnableBkUpAccess                          build/stm32f1xx_hal_pwr.o
HAL_PWR_EnablePVD                                 build/stm32f1xx_hal_pwr.o
HAL_PWR_EnableSEVOnPend                           build/stm32f1xx_hal_pwr.o
HAL_PWR_EnableSleepOnExit                         build/stm32f1xx_hal_pwr.o
HAL_PWR_EnableWakeUpPin                           build/stm32f1xx_hal_pwr.o
HAL_PWR_EnterSLEEPMode                            build/stm32f1xx_hal_pwr.o
HAL_PWR_EnterSTANDBYMode                          build/stm32f1xx_hal_pwr.o
HAL_PWR_EnterSTOPMode                             build/stm32f1xx_hal_pwr.o
HAL_PWR_PVDCallback                               build/stm32f1xx_hal_pwr.o
HAL_PWR_PVD_IRQHandler                            build/stm32f1xx_hal_pwr.o
HAL_RCCEx_GetPeriphCLKConfig                      build/stm32f1xx_hal_rcc_ex.o
HAL_RCCEx_GetPeriphCLKFreq                        build/stm32f1xx_hal_rcc_ex.o
HAL_RCCEx_PeriphCLKConfig                         build/stm32f1xx_hal_rcc_ex.o
HAL_RCC_CSSCallback                               build/stm32f1xx_hal_rcc.o
HAL_RCC_ClockConfig                               build/stm32f1xx_hal_rcc.o
                                                  build/sys.o
HAL_RCC_DeInit                                    build/stm32f1xx_hal_rcc.o
HAL_RCC_DisableCSS                                build/stm32f1xx_hal_rcc.o
HAL_RCC_EnableCSS                                 build/stm32f1xx_hal_rcc.o
HAL_RCC_GetClockConfig                            build/stm32f1xx_hal_rcc.o
HAL_RCC_GetHCLKFreq                               build/stm32f1xx_hal_rcc.o
HAL_RCC_GetOscConfig                              build/stm32f1xx_hal_rcc.o
HAL_RCC_GetPCLK1Freq                              build/stm32f1xx_hal_rcc.o
                                                  build/stm32f1xx_hal_uart.o
HAL_RCC_GetPCLK2Freq                              build/stm32f1xx_hal_rcc.o
                                                  build/stm32f1xx_hal_uart.o
                                                  build/stm32f1xx_hal_rcc_ex.o
HAL_RCC_GetSysClockFreq                           build/stm32f1xx_hal_rcc.o
                                                  build/stm32f1xx_hal_rcc_ex.o
HAL_RCC_MCOConfig                                 build/stm32f1xx_hal_rcc.o
HAL_RCC_NMI_IRQHandler                            build/stm32f1xx_hal_rcc.o
HAL_RCC_OscConfig                                 build/stm32f1xx_hal_rcc.o
                                                  build/sys.o
HAL_ResumeTick                                    build/stm32f1xx_hal.o
HAL_SYSTICK_CLKSourceConfig                       build/stm32f1xx_hal_cortex.o
                                                  build/delay.o
HAL_SYSTICK_Callback                              build/stm32f1xx_hal_cortex.o
HAL_SYSTICK_Config                                build/stm32f1xx_hal_cortex.o
                                                  build/stm32f1xx_hal.o
HAL_SYSTICK_IRQHandler                            build/stm32f1xx_hal_cortex.o
HAL_SetTickFreq                                   build/stm32f1xx_hal.o
HAL_SuspendTick                                   build/stm32f1xx_hal.o
HAL_TIMEx_BreakCallback                           build/stm32f1xx_hal_tim_ex.o
                                                  build/stm32f1xx_hal_tim.o
HAL_TIMEx_CommutCallback                          build/stm32f1xx_hal_tim_ex.o
                                                  build/stm32f1xx_hal_tim.o
HAL_TIMEx_CommutHalfCpltCallback                  build/stm32f1xx_hal_tim_ex.o
HAL_TIMEx_ConfigBreakDeadTime                     build/stm32f1xx_hal_tim_ex.o
HAL_TIMEx_ConfigCommutEvent                       build/stm32f1xx_hal_tim_ex.o
HAL_TIMEx_ConfigCommutEvent_DMA                   build/stm32f1xx_hal_tim_ex.o
HAL_TIMEx_ConfigCommutEvent_IT                    build/stm32f1xx_hal_tim_ex.o
HAL_TIMEx_GetChannelNState                        build/stm32f1xx_hal_tim_ex.o
HAL_TIMEx_HallSensor_DeInit                       build/stm32f1xx_hal_tim_ex.o
HAL_TIMEx_HallSensor_GetState                     build/stm32f1xx_hal_tim_ex.o
HAL_TIMEx_HallSensor_Init                         build/stm32f1xx_hal_tim_ex.o
HAL_TIMEx_HallSensor_MspDeInit                    build/stm32f1xx_hal_tim_ex.o
HAL_TIMEx_HallSensor_MspInit                      build/stm32f1xx_hal_tim_ex.o
HAL_TIMEx_HallSensor_Start                        build/stm32f1xx_hal_tim_ex.o
HAL_TIMEx_HallSensor_Start_DMA                    build/stm32f1xx_hal_tim_ex.o
HAL_TIMEx_HallSensor_Start_IT                     build/stm32f1xx_hal_tim_ex.o
HAL_TIMEx_HallSensor_Stop                         build/stm32f1xx_hal_tim_ex.o
HAL_TIMEx_HallSensor_Stop_DMA                     build/stm32f1xx_hal_tim_ex.o
HAL_TIMEx_HallSensor_Stop_IT                      build/stm32f1xx_hal_tim_ex.o
HAL_TIMEx_MasterConfigSynchronization             build/stm32f1xx_hal_tim_ex.o
HAL_TIMEx_OCN_Start                               build/stm32f1xx_hal_tim_ex.o
HAL_TIMEx_OCN_Start_DMA                           build/stm32f1xx_hal_tim_ex.o
HAL_TIMEx_OCN_Start_IT                            build/stm32f1xx_hal_tim_ex.o
HAL_TIMEx_OCN_Stop                                build/stm32f1xx_hal_tim_ex.o
HAL_TIMEx_OCN_Stop_DMA                            build/stm32f1xx_hal_tim_ex.o
HAL_TIMEx_OCN_Stop_IT                             build/stm32f1xx_hal_tim_ex.o
HAL_TIMEx_OnePulseN_Start                         build/stm32f1xx_hal_tim_ex.o
HAL_TIMEx_OnePulseN_Start_IT                      build/stm32f1xx_hal_tim_ex.o
HAL_TIMEx_OnePulseN_Stop                          build/stm32f1xx_hal_tim_ex.o
HAL_TIMEx_OnePulseN_Stop_IT                       build/stm32f1xx_hal_tim_ex.o
HAL_TIMEx_PWMN_Start                              build/stm32f1xx_hal_tim_ex.o
HAL_TIMEx_PWMN_Start_DMA                          build/stm32f1xx_hal_tim_ex.o
HAL_TIMEx_PWMN_Start_IT                           build/stm32f1xx_hal_tim_ex.o
HAL_TIMEx_PWMN_Stop                               build/stm32f1xx_hal_tim_ex.o
HAL_TIMEx_PWMN_Stop_DMA                           build/stm32f1xx_hal_tim_ex.o
HAL_TIMEx_PWMN_Stop_IT                            build/stm32f1xx_hal_tim_ex.o
HAL_TIMEx_RemapConfig                             build/stm32f1xx_hal_tim_ex.o
HAL_TIM_Base_DeInit                               build/stm32f1xx_hal_tim.o
HAL_TIM_Base_GetState                             build/stm32f1xx_hal_tim.o
HAL_TIM_Base_Init                                 build/stm32f1xx_hal_tim.o
                                                  build/btim.o
HAL_TIM_Base_MspDeInit                            build/stm32f1xx_hal_tim.o
HAL_TIM_Base_MspInit                              build/btim.o
                                                  build/stm32f1xx_hal_tim.o
HAL_TIM_Base_Start                                build/stm32f1xx_hal_tim.o
HAL_TIM_Base_Start_DMA                            build/stm32f1xx_hal_tim.o
HAL_TIM_Base_Start_IT                             build/stm32f1xx_hal_tim.o
                                                  build/btim.o
HAL_TIM_Base_Stop                                 build/stm32f1xx_hal_tim.o
HAL_TIM_Base_Stop_DMA                             build/stm32f1xx_hal_tim.o
HAL_TIM_Base_Stop_IT                              build/stm32f1xx_hal_tim.o
HAL_TIM_ConfigClockSource                         build/stm32f1xx_hal_tim.o
HAL_TIM_ConfigOCrefClear                          build/stm32f1xx_hal_tim.o
HAL_TIM_ConfigTI1Input                            build/stm32f1xx_hal_tim.o
HAL_TIM_DMABurstState                             build/stm32f1xx_hal_tim.o
HAL_TIM_DMABurst_MultiReadStart                   build/stm32f1xx_hal_tim.o
HAL_TIM_DMABurst_MultiWriteStart                  build/stm32f1xx_hal_tim.o
HAL_TIM_DMABurst_ReadStart                        build/stm32f1xx_hal_tim.o
HAL_TIM_DMABurst_ReadStop                         build/stm32f1xx_hal_tim.o
HAL_TIM_DMABurst_WriteStart                       build/stm32f1xx_hal_tim.o
HAL_TIM_DMABurst_WriteStop                        build/stm32f1xx_hal_tim.o
HAL_TIM_Encoder_DeInit                            build/stm32f1xx_hal_tim.o
HAL_TIM_Encoder_GetState                          build/stm32f1xx_hal_tim.o
HAL_TIM_Encoder_Init                              build/stm32f1xx_hal_tim.o
HAL_TIM_Encoder_MspDeInit                         build/stm32f1xx_hal_tim.o
HAL_TIM_Encoder_MspInit                           build/stm32f1xx_hal_tim.o
HAL_TIM_Encoder_Start                             build/stm32f1xx_hal_tim.o
HAL_TIM_Encoder_Start_DMA                         build/stm32f1xx_hal_tim.o
HAL_TIM_Encoder_Start_IT                          build/stm32f1xx_hal_tim.o
HAL_TIM_Encoder_Stop                              build/stm32f1xx_hal_tim.o
HAL_TIM_Encoder_Stop_DMA                          build/stm32f1xx_hal_tim.o
HAL_TIM_Encoder_Stop_IT                           build/stm32f1xx_hal_tim.o
HAL_TIM_ErrorCallback                             build/stm32f1xx_hal_tim.o
                                                  build/stm32f1xx_hal_tim_ex.o
HAL_TIM_GenerateEvent                             build/stm32f1xx_hal_tim.o
HAL_TIM_GetActiveChannel                          build/stm32f1xx_hal_tim.o
HAL_TIM_GetChannelState                           build/stm32f1xx_hal_tim.o
HAL_TIM_IC_CaptureCallback                        build/stm32f1xx_hal_tim.o
HAL_TIM_IC_CaptureHalfCpltCallback                build/stm32f1xx_hal_tim.o
HAL_TIM_IC_ConfigChannel                          build/stm32f1xx_hal_tim.o
HAL_TIM_IC_DeInit                                 build/stm32f1xx_hal_tim.o
HAL_TIM_IC_GetState                               build/stm32f1xx_hal_tim.o
HAL_TIM_IC_Init                                   build/stm32f1xx_hal_tim.o
HAL_TIM_IC_MspDeInit                              build/stm32f1xx_hal_tim.o
HAL_TIM_IC_MspInit                                build/stm32f1xx_hal_tim.o
HAL_TIM_IC_Start                                  build/stm32f1xx_hal_tim.o
HAL_TIM_IC_Start_DMA                              build/stm32f1xx_hal_tim.o
HAL_TIM_IC_Start_IT                               build/stm32f1xx_hal_tim.o
HAL_TIM_IC_Stop                                   build/stm32f1xx_hal_tim.o
HAL_TIM_IC_Stop_DMA                               build/stm32f1xx_hal_tim.o
HAL_TIM_IC_Stop_IT                                build/stm32f1xx_hal_tim.o
HAL_TIM_IRQHandler                                build/stm32f1xx_hal_tim.o
                                                  build/btim.o
HAL_TIM_OC_ConfigChannel                          build/stm32f1xx_hal_tim.o
HAL_TIM_OC_DeInit                                 build/stm32f1xx_hal_tim.o
HAL_TIM_OC_DelayElapsedCallback                   build/stm32f1xx_hal_tim.o
HAL_TIM_OC_GetState                               build/stm32f1xx_hal_tim.o
HAL_TIM_OC_Init                                   build/stm32f1xx_hal_tim.o
HAL_TIM_OC_MspDeInit                              build/stm32f1xx_hal_tim.o
HAL_TIM_OC_MspInit                                build/stm32f1xx_hal_tim.o
HAL_TIM_OC_Start                                  build/stm32f1xx_hal_tim.o
HAL_TIM_OC_Start_DMA                              build/stm32f1xx_hal_tim.o
HAL_TIM_OC_Start_IT                               build/stm32f1xx_hal_tim.o
HAL_TIM_OC_Stop                                   build/stm32f1xx_hal_tim.o
HAL_TIM_OC_Stop_DMA                               build/stm32f1xx_hal_tim.o
HAL_TIM_OC_Stop_IT                                build/stm32f1xx_hal_tim.o
HAL_TIM_OnePulse_ConfigChannel                    build/stm32f1xx_hal_tim.o
HAL_TIM_OnePulse_DeInit                           build/stm32f1xx_hal_tim.o
HAL_TIM_OnePulse_GetState                         build/stm32f1xx_hal_tim.o
HAL_TIM_OnePulse_Init                             build/stm32f1xx_hal_tim.o
HAL_TIM_OnePulse_MspDeInit                        build/stm32f1xx_hal_tim.o
HAL_TIM_OnePulse_MspInit                          build/stm32f1xx_hal_tim.o
HAL_TIM_OnePulse_Start                            build/stm32f1xx_hal_tim.o
HAL_TIM_OnePulse_Start_IT                         build/stm32f1xx_hal_tim.o
HAL_TIM_OnePulse_Stop                             build/stm32f1xx_hal_tim.o
HAL_TIM_OnePulse_Stop_IT                          build/stm32f1xx_hal_tim.o
HAL_TIM_PWM_ConfigChannel                         build/stm32f1xx_hal_tim.o
HAL_TIM_PWM_DeInit                                build/stm32f1xx_hal_tim.o
HAL_TIM_PWM_GetState                              build/stm32f1xx_hal_tim.o
HAL_TIM_PWM_Init                                  build/stm32f1xx_hal_tim.o
HAL_TIM_PWM_MspDeInit                             build/stm32f1xx_hal_tim.o
HAL_TIM_PWM_MspInit                               build/stm32f1xx_hal_tim.o
HAL_TIM_PWM_PulseFinishedCallback                 build/stm32f1xx_hal_tim.o
                                                  build/stm32f1xx_hal_tim_ex.o
HAL_TIM_PWM_PulseFinishedHalfCpltCallback         build/stm32f1xx_hal_tim.o
HAL_TIM_PWM_Start                                 build/stm32f1xx_hal_tim.o
HAL_TIM_PWM_Start_DMA                             build/stm32f1xx_hal_tim.o
HAL_TIM_PWM_Start_IT                              build/stm32f1xx_hal_tim.o
HAL_TIM_PWM_Stop                                  build/stm32f1xx_hal_tim.o
HAL_TIM_PWM_Stop_DMA                              build/stm32f1xx_hal_tim.o
HAL_TIM_PWM_Stop_IT                               build/stm32f1xx_hal_tim.o
HAL_TIM_PeriodElapsedCallback                     build/btim.o
                                                  build/stm32f1xx_hal_tim.o
HAL_TIM_PeriodElapsedHalfCpltCallback             build/stm32f1xx_hal_tim.o
HAL_TIM_ReadCapturedValue                         build/stm32f1xx_hal_tim.o
HAL_TIM_SlaveConfigSynchro                        build/stm32f1xx_hal_tim.o
HAL_TIM_SlaveConfigSynchro_IT                     build/stm32f1xx_hal_tim.o
HAL_TIM_TriggerCallback                           build/stm32f1xx_hal_tim.o
HAL_TIM_TriggerHalfCpltCallback                   build/stm32f1xx_hal_tim.o
HAL_UART_Abort                                    build/stm32f1xx_hal_uart.o
HAL_UART_AbortCpltCallback                        build/stm32f1xx_hal_uart.o
HAL_UART_AbortReceive                             build/stm32f1xx_hal_uart.o
HAL_UART_AbortReceiveCpltCallback                 build/stm32f1xx_hal_uart.o
HAL_UART_AbortReceive_IT                          build/stm32f1xx_hal_uart.o
HAL_UART_AbortTransmit                            build/stm32f1xx_hal_uart.o
HAL_UART_AbortTransmitCpltCallback                build/stm32f1xx_hal_uart.o
HAL_UART_AbortTransmit_IT                         build/stm32f1xx_hal_uart.o
HAL_UART_Abort_IT                                 build/stm32f1xx_hal_uart.o
HAL_UART_DMAPause                                 build/stm32f1xx_hal_uart.o
HAL_UART_DMAResume                                build/stm32f1xx_hal_uart.o
HAL_UART_DMAStop                                  build/stm32f1xx_hal_uart.o
HAL_UART_DeInit                                   build/stm32f1xx_hal_uart.o
HAL_UART_ErrorCallback                            build/stm32f1xx_hal_uart.o
HAL_UART_GetError                                 build/stm32f1xx_hal_uart.o
HAL_UART_GetState                                 build/stm32f1xx_hal_uart.o
HAL_UART_IRQHandler                               build/stm32f1xx_hal_uart.o
                                                  build/usart.o
HAL_UART_Init                                     build/stm32f1xx_hal_uart.o
                                                  build/usart.o
HAL_UART_MspDeInit                                build/stm32f1xx_hal_uart.o
HAL_UART_MspInit                                  build/usart.o
                                                  build/stm32f1xx_hal_uart.o
HAL_UART_Receive                                  build/stm32f1xx_hal_uart.o
HAL_UART_Receive_DMA                              build/stm32f1xx_hal_uart.o
HAL_UART_Receive_IT                               build/stm32f1xx_hal_uart.o
                                                  build/usart.o
HAL_UART_RxCpltCallback                           build/usart.o
                                                  build/stm32f1xx_hal_uart.o
HAL_UART_RxHalfCpltCallback                       build/stm32f1xx_hal_uart.o
HAL_UART_Transmit                                 build/stm32f1xx_hal_uart.o
HAL_UART_Transmit_DMA                             build/stm32f1xx_hal_uart.o
HAL_UART_Transmit_IT                              build/stm32f1xx_hal_uart.o
HAL_UART_TxCpltCallback                           build/stm32f1xx_hal_uart.o
HAL_UART_TxHalfCpltCallback                       build/stm32f1xx_hal_uart.o
HAL_WWDG_EarlyWakeupCallback                      build/stm32f1xx_hal_wwdg.o
HAL_WWDG_IRQHandler                               build/stm32f1xx_hal_wwdg.o
HAL_WWDG_Init                                     build/stm32f1xx_hal_wwdg.o
HAL_WWDG_MspInit                                  build/stm32f1xx_hal_wwdg.o
HAL_WWDG_Refresh                                  build/stm32f1xx_hal_wwdg.o
HardFault_Handler                                 build/stm32f1xx_it.o
I2C1_ER_IRQHandler                                build/startup_stm32f103xe.o
I2C1_EV_IRQHandler                                build/startup_stm32f103xe.o
I2C2_ER_IRQHandler                                build/startup_stm32f103xe.o
I2C2_EV_IRQHandler                                build/startup_stm32f103xe.o
MemManage_Handler                                 build/stm32f1xx_it.o
NMI_Handler                                       build/stm32f1xx_it.o
PVD_IRQHandler                                    build/startup_stm32f103xe.o
PendSV_Handler                                    build/stm32f1xx_it.o
RCC_IRQHandler                                    build/startup_stm32f103xe.o
RTC_Alarm_IRQHandler                              build/startup_stm32f103xe.o
RTC_IRQHandler                                    build/startup_stm32f103xe.o
Reset_Handler                                     build/startup_stm32f103xe.o
SDIO_IRQHandler                                   build/startup_stm32f103xe.o
SPI1_IRQHandler                                   build/startup_stm32f103xe.o
SPI2_IRQHandler                                   build/startup_stm32f103xe.o
SPI3_IRQHandler                                   build/startup_stm32f103xe.o
SVC_Handler                                       build/stm32f1xx_it.o
SysTick_Handler                                   build/stm32f1xx_it.o
SystemCoreClock                                   build/system_stm32f1xx.o
                                                  build/stm32f1xx_hal_rcc.o
                                                  build/stm32f1xx_hal.o
SystemCoreClockUpdate                             build/system_stm32f1xx.o
SystemInit                                        build/system_stm32f1xx.o
                                                  build/startup_stm32f103xe.o
TAMPER_IRQHandler                                 build/startup_stm32f103xe.o
TIM1_BRK_IRQHandler                               build/startup_stm32f103xe.o
TIM1_CC_IRQHandler                                build/startup_stm32f103xe.o
TIM1_TRG_COM_IRQHandler                           build/startup_stm32f103xe.o
TIM1_UP_IRQHandler                                build/startup_stm32f103xe.o
TIM2_IRQHandler                                   build/startup_stm32f103xe.o
TIM3_IRQHandler                                   build/startup_stm32f103xe.o
TIM4_IRQHandler                                   build/startup_stm32f103xe.o
TIM5_IRQHandler                                   build/startup_stm32f103xe.o
TIM6_IRQHandler                                   build/btim.o
TIM7_IRQHandler                                   build/startup_stm32f103xe.o
TIM8_BRK_IRQHandler                               build/startup_stm32f103xe.o
TIM8_CC_IRQHandler                                build/startup_stm32f103xe.o
TIM8_TRG_COM_IRQHandler                           build/startup_stm32f103xe.o
TIM8_UP_IRQHandler                                build/startup_stm32f103xe.o
TIMEx_DMACommutationCplt                          build/stm32f1xx_hal_tim_ex.o
                                                  build/stm32f1xx_hal_tim.o
TIMEx_DMACommutationHalfCplt                      build/stm32f1xx_hal_tim_ex.o
                                                  build/stm32f1xx_hal_tim.o
TIM_Base_SetConfig                                build/stm32f1xx_hal_tim.o
                                                  build/stm32f1xx_hal_tim_ex.o
TIM_CCxChannelCmd                                 build/stm32f1xx_hal_tim.o
                                                  build/stm32f1xx_hal_tim_ex.o
TIM_DMACaptureCplt                                build/stm32f1xx_hal_tim.o
                                                  build/stm32f1xx_hal_tim_ex.o
TIM_DMACaptureHalfCplt                            build/stm32f1xx_hal_tim.o
                                                  build/stm32f1xx_hal_tim_ex.o
TIM_DMADelayPulseHalfCplt                         build/stm32f1xx_hal_tim.o
                                                  build/stm32f1xx_hal_tim_ex.o
TIM_DMAError                                      build/stm32f1xx_hal_tim.o
                                                  build/stm32f1xx_hal_tim_ex.o
TIM_ETR_SetConfig                                 build/stm32f1xx_hal_tim.o
TIM_OC2_SetConfig                                 build/stm32f1xx_hal_tim.o
                                                  build/stm32f1xx_hal_tim_ex.o
TIM_TI1_SetConfig                                 build/stm32f1xx_hal_tim.o
                                                  build/stm32f1xx_hal_tim_ex.o
UART4_IRQHandler                                  build/startup_stm32f103xe.o
UART5_IRQHandler                                  build/startup_stm32f103xe.o
USART1_IRQHandler                                 build/usart.o
USART2_IRQHandler                                 build/startup_stm32f103xe.o
USART3_IRQHandler                                 build/startup_stm32f103xe.o
USBWakeUp_IRQHandler                              build/startup_stm32f103xe.o
USB_HP_CAN1_TX_IRQHandler                         build/startup_stm32f103xe.o
USB_LP_CAN1_RX0_IRQHandler                        build/startup_stm32f103xe.o
UsageFault_Handler                                build/stm32f1xx_it.o
WWDG_IRQHandler                                   build/startup_stm32f103xe.o
_ITM_deregisterTMCloneTable                       d:/appdev/vsarm/armcc/bin/../lib/gcc/arm-none-eabi/12.2.1/thumb/v7-m/nofp/crtbegin.o
_ITM_registerTMCloneTable                         d:/appdev/vsarm/armcc/bin/../lib/gcc/arm-none-eabi/12.2.1/thumb/v7-m/nofp/crtbegin.o
__TMC_END__                                       d:/appdev/vsarm/armcc/bin/../lib/gcc/arm-none-eabi/12.2.1/thumb/v7-m/nofp/crtend.o
                                                  d:/appdev/vsarm/armcc/bin/../lib/gcc/arm-none-eabi/12.2.1/thumb/v7-m/nofp/crtbegin.o
__bss_end__                                       d:/appdev/vsarm/armcc/bin/../lib/gcc/arm-none-eabi/12.2.1/thumb/v7-m/nofp/crt0.o
__bss_start__                                     d:/appdev/vsarm/armcc/bin/../lib/gcc/arm-none-eabi/12.2.1/thumb/v7-m/nofp/crt0.o
__call_exitprocs                                  d:/appdev/vsarm/armcc/bin/../lib/gcc/arm-none-eabi/12.2.1/thumb/v7-m/nofp\libc_nano.a(libc_a-exit.o)
__deregister_frame_info                           d:/appdev/vsarm/armcc/bin/../lib/gcc/arm-none-eabi/12.2.1/thumb/v7-m/nofp/crtbegin.o
__dso_handle                                      d:/appdev/vsarm/armcc/bin/../lib/gcc/arm-none-eabi/12.2.1/thumb/v7-m/nofp/crtbegin.o
__fp_lock_all                                     d:/appdev/vsarm/armcc/bin/../lib/gcc/arm-none-eabi/12.2.1/thumb/v7-m/nofp\libc_nano.a(libc_a-findfp.o)
__fp_unlock_all                                   d:/appdev/vsarm/armcc/bin/../lib/gcc/arm-none-eabi/12.2.1/thumb/v7-m/nofp\libc_nano.a(libc_a-findfp.o)
__init_array_end                                  d:/appdev/vsarm/armcc/bin/../lib/gcc/arm-none-eabi/12.2.1/thumb/v7-m/nofp\libc_nano.a(libc_a-init.o)
__init_array_start                                d:/appdev/vsarm/armcc/bin/../lib/gcc/arm-none-eabi/12.2.1/thumb/v7-m/nofp\libc_nano.a(libc_a-init.o)
__libc_fini_array                                 d:/appdev/vsarm/armcc/bin/../lib/gcc/arm-none-eabi/12.2.1/thumb/v7-m/nofp/crt0.o
__libc_init_array                                 d:/appdev/vsarm/armcc/bin/../lib/gcc/arm-none-eabi/12.2.1/thumb/v7-m/nofp\libc_nano.a(libc_a-init.o)
                                                  build/startup_stm32f103xe.o
                                                  d:/appdev/vsarm/armcc/bin/../lib/gcc/arm-none-eabi/12.2.1/thumb/v7-m/nofp/crt0.o
__lock___arc4random_mutex                         d:/appdev/vsarm/armcc/bin/../lib/gcc/arm-none-eabi/12.2.1/thumb/v7-m/nofp\libc_nano.a(libc_a-lock.o)
__lock___at_quick_exit_mutex                      d:/appdev/vsarm/armcc/bin/../lib/gcc/arm-none-eabi/12.2.1/thumb/v7-m/nofp\libc_nano.a(libc_a-lock.o)
__lock___atexit_recursive_mutex                   d:/appdev/vsarm/armcc/bin/../lib/gcc/arm-none-eabi/12.2.1/thumb/v7-m/nofp\libc_nano.a(libc_a-lock.o)
__lock___dd_hash_mutex                            d:/appdev/vsarm/armcc/bin/../lib/gcc/arm-none-eabi/12.2.1/thumb/v7-m/nofp\libc_nano.a(libc_a-lock.o)
__lock___env_recursive_mutex                      d:/appdev/vsarm/armcc/bin/../lib/gcc/arm-none-eabi/12.2.1/thumb/v7-m/nofp\libc_nano.a(libc_a-lock.o)
__lock___malloc_recursive_mutex                   d:/appdev/vsarm/armcc/bin/../lib/gcc/arm-none-eabi/12.2.1/thumb/v7-m/nofp\libc_nano.a(libc_a-lock.o)